Archive member included to satisfy reference by file (symbol)

../src/QTouch\libavrxmega6g1-8qt-k-0rs.a(burst_1_2_11_0_1.o)
                              touch.o (burst_1_2_11_0_1)
../src/QTouch\libavrxmega6g1-8qt-k-0rs.a(touch_api.o)
                              touch.o (qt_init_sensing_with_burst)
../src/QTouch\libavrxmega6g1-8qt-k-0rs.a(touch_process.o)
                              ../src/QTouch\libavrxmega6g1-8qt-k-0rs.a(touch_api.o) (sensors)
../src/QTouch\libavrxmega6g1-8qt-k-0rs.a(touch_burst_qt.o)
                              ../src/QTouch\libavrxmega6g1-8qt-k-0rs.a(touch_api.o) (burst_init)
c:/program files (x86)/atmel/studio/7.0/toolchain/avr8/avr8-gnu-toolchain/bin/../lib/gcc/avr/4.9.2/avrxmega6\libgcc.a(_exit.o)
                              C:/Program Files (x86)/Atmel/Studio/7.0/Packs/atmel/XMEGAC_DFP/1.0.29/gcc/dev/atxmega384c3/avrxmega6/crtatxmega384c3.o (exit)
c:/program files (x86)/atmel/studio/7.0/toolchain/avr8/avr8-gnu-toolchain/bin/../lib/gcc/avr/4.9.2/avrxmega6\libgcc.a(_copy_data.o)
                              main.o (__do_copy_data)
c:/program files (x86)/atmel/studio/7.0/toolchain/avr8/avr8-gnu-toolchain/bin/../lib/gcc/avr/4.9.2/avrxmega6\libgcc.a(_clear_bss.o)
                              main.o (__do_clear_bss)
c:/program files (x86)/atmel/studio/7.0/toolchain/avr8/avr8-gnu-toolchain/bin/../lib/gcc/avr/4.9.2/avrxmega6\libgcc.a(_prologue.o)
                              ../src/QTouch\libavrxmega6g1-8qt-k-0rs.a(burst_1_2_11_0_1.o) (__prologue_saves__)
c:/program files (x86)/atmel/studio/7.0/toolchain/avr8/avr8-gnu-toolchain/bin/../lib/gcc/avr/4.9.2/avrxmega6\libgcc.a(_epilogue.o)
                              ../src/QTouch\libavrxmega6g1-8qt-k-0rs.a(burst_1_2_11_0_1.o) (__epilogue_restores__)
c:/program files (x86)/atmel/studio/7.0/toolchain/avr8/avr8-gnu-toolchain/bin/../lib/gcc/avr/4.9.2/../../../../avr/lib/avrxmega6\libc.a(memcpy.o)
                              src/ASF/xmega/drivers/nvm/nvm.o (memcpy)

Allocating common symbols
Common symbol       size              file

sleepmgr_locks      0x6               src/ASF/common/services/sleepmgr/xmega/sleepmgr.o

Discarded input sections

 .data          0x00000000        0x0 C:/Program Files (x86)/Atmel/Studio/7.0/Packs/atmel/XMEGAC_DFP/1.0.29/gcc/dev/atxmega384c3/avrxmega6/crtatxmega384c3.o
 .bss           0x00000000        0x0 C:/Program Files (x86)/Atmel/Studio/7.0/Packs/atmel/XMEGAC_DFP/1.0.29/gcc/dev/atxmega384c3/avrxmega6/crtatxmega384c3.o
 .group         0x00000000        0x8 main.o
 .group         0x00000000        0x8 main.o
 .group         0x00000000        0x8 main.o
 .group         0x00000000        0x8 main.o
 .group         0x00000000        0x8 main.o
 .group         0x00000000        0x8 main.o
 .group         0x00000000        0x8 main.o
 .group         0x00000000        0x8 main.o
 .group         0x00000000        0x8 main.o
 .group         0x00000000        0x8 main.o
 .group         0x00000000        0x8 main.o
 .group         0x00000000        0x8 main.o
 .group         0x00000000        0x8 main.o
 .group         0x00000000        0x8 main.o
 .group         0x00000000        0x8 main.o
 .group         0x00000000        0x8 main.o
 .group         0x00000000        0x8 main.o
 .group         0x00000000        0x8 main.o
 .group         0x00000000        0x8 main.o
 .group         0x00000000        0x8 main.o
 .group         0x00000000        0x8 main.o
 .group         0x00000000        0x8 main.o
 .group         0x00000000        0x8 main.o
 .group         0x00000000        0x8 main.o
 .group         0x00000000        0x8 main.o
 .group         0x00000000        0x8 main.o
 .group         0x00000000        0x8 main.o
 .group         0x00000000        0x8 main.o
 .group         0x00000000        0x8 main.o
 .group         0x00000000        0x8 main.o
 .group         0x00000000        0x8 main.o
 .group         0x00000000        0x8 main.o
 .group         0x00000000        0x8 main.o
 .group         0x00000000        0x8 main.o
 .group         0x00000000        0x8 main.o
 .group         0x00000000        0x8 main.o
 .group         0x00000000        0x8 main.o
 .group         0x00000000        0x8 main.o
 .group         0x00000000        0x8 main.o
 .group         0x00000000        0x8 main.o
 .group         0x00000000        0x8 main.o
 .group         0x00000000        0x8 main.o
 .group         0x00000000        0x8 main.o
 .group         0x00000000        0x8 main.o
 .group         0x00000000        0x8 main.o
 .text          0x00000000        0x0 main.o
 .data          0x00000000        0x0 main.o
 .bss           0x00000000        0x0 main.o
 .group         0x00000000        0x8 src/QTouch/BitBangSPI_Master.o
 .group         0x00000000        0x8 src/QTouch/BitBangSPI_Master.o
 .text          0x00000000        0x0 src/QTouch/BitBangSPI_Master.o
 .data          0x00000000        0x0 src/QTouch/BitBangSPI_Master.o
 .bss           0x00000000        0x0 src/QTouch/BitBangSPI_Master.o
 .debug_info    0x00000000       0x21 src/QTouch/BitBangSPI_Master.o
 .debug_abbrev  0x00000000       0x13 src/QTouch/BitBangSPI_Master.o
 .debug_aranges
                0x00000000       0x18 src/QTouch/BitBangSPI_Master.o
 .debug_macro   0x00000000       0x1a src/QTouch/BitBangSPI_Master.o
 .debug_macro   0x00000000      0xa9c src/QTouch/BitBangSPI_Master.o
 .debug_macro   0x00000000       0x66 src/QTouch/BitBangSPI_Master.o
 .debug_line    0x00000000       0x4d src/QTouch/BitBangSPI_Master.o
 .debug_str     0x00000000     0x2d34 src/QTouch/BitBangSPI_Master.o
 .comment       0x00000000       0x31 src/QTouch/BitBangSPI_Master.o
 .group         0x00000000        0x8 src/QTouch/eeprom_access.o
 .group         0x00000000        0x8 src/QTouch/eeprom_access.o
 .text          0x00000000        0x0 src/QTouch/eeprom_access.o
 .data          0x00000000        0x0 src/QTouch/eeprom_access.o
 .bss           0x00000000        0x0 src/QTouch/eeprom_access.o
 .debug_info    0x00000000       0x21 src/QTouch/eeprom_access.o
 .debug_abbrev  0x00000000       0x13 src/QTouch/eeprom_access.o
 .debug_aranges
                0x00000000       0x18 src/QTouch/eeprom_access.o
 .debug_macro   0x00000000       0x1a src/QTouch/eeprom_access.o
 .debug_macro   0x00000000      0xa9c src/QTouch/eeprom_access.o
 .debug_macro   0x00000000       0x66 src/QTouch/eeprom_access.o
 .debug_line    0x00000000       0x49 src/QTouch/eeprom_access.o
 .debug_str     0x00000000     0x2d30 src/QTouch/eeprom_access.o
 .comment       0x00000000       0x31 src/QTouch/eeprom_access.o
 .group         0x00000000        0x8 src/QTouch/init_mcu_atxmega.o
 .group         0x00000000        0x8 src/QTouch/init_mcu_atxmega.o
 .group         0x00000000        0x8 src/QTouch/init_mcu_atxmega.o
 .group         0x00000000        0x8 src/QTouch/init_mcu_atxmega.o
 .group         0x00000000        0x8 src/QTouch/init_mcu_atxmega.o
 .group         0x00000000        0x8 src/QTouch/init_mcu_atxmega.o
 .group         0x00000000        0x8 src/QTouch/init_mcu_atxmega.o
 .group         0x00000000        0x8 src/QTouch/init_mcu_atxmega.o
 .group         0x00000000        0x8 src/QTouch/init_mcu_atxmega.o
 .group         0x00000000        0x8 src/QTouch/init_mcu_atxmega.o
 .group         0x00000000        0x8 src/QTouch/init_mcu_atxmega.o
 .group         0x00000000        0x8 src/QTouch/init_mcu_atxmega.o
 .group         0x00000000        0x8 src/QTouch/init_mcu_atxmega.o
 .group         0x00000000        0x8 src/QTouch/init_mcu_atxmega.o
 .group         0x00000000        0x8 src/QTouch/init_mcu_atxmega.o
 .group         0x00000000        0x8 src/QTouch/init_mcu_atxmega.o
 .group         0x00000000        0x8 src/QTouch/init_mcu_atxmega.o
 .group         0x00000000        0x8 src/QTouch/init_mcu_atxmega.o
 .group         0x00000000        0x8 src/QTouch/init_mcu_atxmega.o
 .group         0x00000000        0x8 src/QTouch/init_mcu_atxmega.o
 .group         0x00000000        0x8 src/QTouch/init_mcu_atxmega.o
 .group         0x00000000        0x8 src/QTouch/init_mcu_atxmega.o
 .group         0x00000000        0x8 src/QTouch/init_mcu_atxmega.o
 .group         0x00000000        0x8 src/QTouch/init_mcu_atxmega.o
 .group         0x00000000        0x8 src/QTouch/init_mcu_atxmega.o
 .group         0x00000000        0x8 src/QTouch/init_mcu_atxmega.o
 .group         0x00000000        0x8 src/QTouch/init_mcu_atxmega.o
 .group         0x00000000        0x8 src/QTouch/init_mcu_atxmega.o
 .group         0x00000000        0x8 src/QTouch/init_mcu_atxmega.o
 .group         0x00000000        0x8 src/QTouch/init_mcu_atxmega.o
 .group         0x00000000        0x8 src/QTouch/init_mcu_atxmega.o
 .group         0x00000000        0x8 src/QTouch/init_mcu_atxmega.o
 .group         0x00000000        0x8 src/QTouch/init_mcu_atxmega.o
 .group         0x00000000        0x8 src/QTouch/init_mcu_atxmega.o
 .group         0x00000000        0x8 src/QTouch/init_mcu_atxmega.o
 .group         0x00000000        0x8 src/QTouch/init_mcu_atxmega.o
 .group         0x00000000        0x8 src/QTouch/init_mcu_atxmega.o
 .group         0x00000000        0x8 src/QTouch/init_mcu_atxmega.o
 .group         0x00000000        0x8 src/QTouch/init_mcu_atxmega.o
 .group         0x00000000        0x8 src/QTouch/init_mcu_atxmega.o
 .group         0x00000000        0x8 src/QTouch/init_mcu_atxmega.o
 .group         0x00000000        0x8 src/QTouch/init_mcu_atxmega.o
 .group         0x00000000        0x8 src/QTouch/init_mcu_atxmega.o
 .group         0x00000000        0x8 src/QTouch/init_mcu_atxmega.o
 .group         0x00000000        0x8 src/QTouch/init_mcu_atxmega.o
 .text          0x00000000        0x0 src/QTouch/init_mcu_atxmega.o
 .data          0x00000000        0x0 src/QTouch/init_mcu_atxmega.o
 .bss           0x00000000        0x0 src/QTouch/init_mcu_atxmega.o
 .debug_macro   0x00000000      0xa9c src/QTouch/init_mcu_atxmega.o
 .debug_macro   0x00000000       0x10 src/QTouch/init_mcu_atxmega.o
 .debug_macro   0x00000000      0x1c9 src/QTouch/init_mcu_atxmega.o
 .debug_macro   0x00000000      0x2fc src/QTouch/init_mcu_atxmega.o
 .debug_macro   0x00000000       0x9e src/QTouch/init_mcu_atxmega.o
 .debug_macro   0x00000000     0x5045 src/QTouch/init_mcu_atxmega.o
 .debug_macro   0x00000000       0x9a src/QTouch/init_mcu_atxmega.o
 .debug_macro   0x00000000       0xf1 src/QTouch/init_mcu_atxmega.o
 .debug_macro   0x00000000       0x34 src/QTouch/init_mcu_atxmega.o
 .debug_macro   0x00000000       0x10 src/QTouch/init_mcu_atxmega.o
 .debug_macro   0x00000000       0x18 src/QTouch/init_mcu_atxmega.o
 .debug_macro   0x00000000       0x5e src/QTouch/init_mcu_atxmega.o
 .debug_macro   0x00000000       0x10 src/QTouch/init_mcu_atxmega.o
 .debug_macro   0x00000000       0x22 src/QTouch/init_mcu_atxmega.o
 .debug_macro   0x00000000      0x166 src/QTouch/init_mcu_atxmega.o
 .debug_macro   0x00000000       0x1c src/QTouch/init_mcu_atxmega.o
 .debug_macro   0x00000000       0x35 src/QTouch/init_mcu_atxmega.o
 .debug_macro   0x00000000       0x66 src/QTouch/init_mcu_atxmega.o
 .debug_macro   0x00000000      0x644 src/QTouch/init_mcu_atxmega.o
 .debug_macro   0x00000000       0x97 src/QTouch/init_mcu_atxmega.o
 .debug_macro   0x00000000       0x17 src/QTouch/init_mcu_atxmega.o
 .debug_macro   0x00000000      0x250 src/QTouch/init_mcu_atxmega.o
 .debug_macro   0x00000000       0x76 src/QTouch/init_mcu_atxmega.o
 .debug_macro   0x00000000       0x16 src/QTouch/init_mcu_atxmega.o
 .debug_macro   0x00000000      0x6e3 src/QTouch/init_mcu_atxmega.o
 .debug_macro   0x00000000       0x10 src/QTouch/init_mcu_atxmega.o
 .debug_macro   0x00000000      0x175 src/QTouch/init_mcu_atxmega.o
 .debug_macro   0x00000000       0x40 src/QTouch/init_mcu_atxmega.o
 .debug_macro   0x00000000       0x69 src/QTouch/init_mcu_atxmega.o
 .debug_macro   0x00000000       0x32 src/QTouch/init_mcu_atxmega.o
 .debug_macro   0x00000000       0xe4 src/QTouch/init_mcu_atxmega.o
 .debug_macro   0x00000000       0x34 src/QTouch/init_mcu_atxmega.o
 .debug_macro   0x00000000      0x2aa src/QTouch/init_mcu_atxmega.o
 .debug_macro   0x00000000       0x26 src/QTouch/init_mcu_atxmega.o
 .debug_macro   0x00000000       0x42 src/QTouch/init_mcu_atxmega.o
 .debug_macro   0x00000000       0x10 src/QTouch/init_mcu_atxmega.o
 .debug_macro   0x00000000       0x1c src/QTouch/init_mcu_atxmega.o
 .debug_macro   0x00000000       0x68 src/QTouch/init_mcu_atxmega.o
 .debug_macro   0x00000000       0x2f src/QTouch/init_mcu_atxmega.o
 .debug_macro   0x00000000      0x15b src/QTouch/init_mcu_atxmega.o
 .debug_macro   0x00000000       0x12 src/QTouch/init_mcu_atxmega.o
 .debug_macro   0x00000000       0x66 src/QTouch/init_mcu_atxmega.o
 .debug_macro   0x00000000       0x5a src/QTouch/init_mcu_atxmega.o
 .debug_macro   0x00000000       0x28 src/QTouch/init_mcu_atxmega.o
 .debug_macro   0x00000000       0x9e src/QTouch/init_mcu_atxmega.o
 .group         0x00000000        0x8 src/QTouch/QDebug.o
 .group         0x00000000        0x8 src/QTouch/QDebug.o
 .text          0x00000000        0x0 src/QTouch/QDebug.o
 .data          0x00000000        0x0 src/QTouch/QDebug.o
 .bss           0x00000000        0x0 src/QTouch/QDebug.o
 .debug_info    0x00000000       0x21 src/QTouch/QDebug.o
 .debug_abbrev  0x00000000       0x13 src/QTouch/QDebug.o
 .debug_aranges
                0x00000000       0x18 src/QTouch/QDebug.o
 .debug_macro   0x00000000       0x1a src/QTouch/QDebug.o
 .debug_macro   0x00000000      0xa9c src/QTouch/QDebug.o
 .debug_macro   0x00000000       0x66 src/QTouch/QDebug.o
 .debug_line    0x00000000       0x42 src/QTouch/QDebug.o
 .debug_str     0x00000000     0x2d29 src/QTouch/QDebug.o
 .comment       0x00000000       0x31 src/QTouch/QDebug.o
 .group         0x00000000        0x8 src/QTouch/QDebugTransport.o
 .group         0x00000000        0x8 src/QTouch/QDebugTransport.o
 .text          0x00000000        0x0 src/QTouch/QDebugTransport.o
 .data          0x00000000        0x0 src/QTouch/QDebugTransport.o
 .bss           0x00000000        0x0 src/QTouch/QDebugTransport.o
 .debug_info    0x00000000       0x21 src/QTouch/QDebugTransport.o
 .debug_abbrev  0x00000000       0x13 src/QTouch/QDebugTransport.o
 .debug_aranges
                0x00000000       0x18 src/QTouch/QDebugTransport.o
 .debug_macro   0x00000000       0x1a src/QTouch/QDebugTransport.o
 .debug_macro   0x00000000      0xa9c src/QTouch/QDebugTransport.o
 .debug_macro   0x00000000       0x66 src/QTouch/QDebugTransport.o
 .debug_line    0x00000000       0x4b src/QTouch/QDebugTransport.o
 .debug_str     0x00000000     0x2d32 src/QTouch/QDebugTransport.o
 .comment       0x00000000       0x31 src/QTouch/QDebugTransport.o
 .data          0x00000000        0x0 src/QTouch/qt_asm_xmega.o
 .bss           0x00000000        0x0 src/QTouch/qt_asm_xmega.o
 .group         0x00000000        0x8 src/ASF/common/services/sleepmgr/xmega/sleepmgr.o
 .group         0x00000000        0x8 src/ASF/common/services/sleepmgr/xmega/sleepmgr.o
 .group         0x00000000        0x8 src/ASF/common/services/sleepmgr/xmega/sleepmgr.o
 .group         0x00000000        0x8 src/ASF/common/services/sleepmgr/xmega/sleepmgr.o
 .group         0x00000000        0x8 src/ASF/common/services/sleepmgr/xmega/sleepmgr.o
 .group         0x00000000        0x8 src/ASF/common/services/sleepmgr/xmega/sleepmgr.o
 .group         0x00000000        0x8 src/ASF/common/services/sleepmgr/xmega/sleepmgr.o
 .group         0x00000000        0x8 src/ASF/common/services/sleepmgr/xmega/sleepmgr.o
 .group         0x00000000        0x8 src/ASF/common/services/sleepmgr/xmega/sleepmgr.o
 .group         0x00000000        0x8 src/ASF/common/services/sleepmgr/xmega/sleepmgr.o
 .group         0x00000000        0x8 src/ASF/common/services/sleepmgr/xmega/sleepmgr.o
 .group         0x00000000        0x8 src/ASF/common/services/sleepmgr/xmega/sleepmgr.o
 .group         0x00000000        0x8 src/ASF/common/services/sleepmgr/xmega/sleepmgr.o
 .group         0x00000000        0x8 src/ASF/common/services/sleepmgr/xmega/sleepmgr.o
 .group         0x00000000        0x8 src/ASF/common/services/sleepmgr/xmega/sleepmgr.o
 .group         0x00000000        0x8 src/ASF/common/services/sleepmgr/xmega/sleepmgr.o
 .group         0x00000000        0x8 src/ASF/common/services/sleepmgr/xmega/sleepmgr.o
 .group         0x00000000        0x8 src/ASF/common/services/sleepmgr/xmega/sleepmgr.o
 .group         0x00000000        0x8 src/ASF/common/services/sleepmgr/xmega/sleepmgr.o
 .group         0x00000000        0x8 src/ASF/common/services/sleepmgr/xmega/sleepmgr.o
 .group         0x00000000        0x8 src/ASF/common/services/sleepmgr/xmega/sleepmgr.o
 .group         0x00000000        0x8 src/ASF/common/services/sleepmgr/xmega/sleepmgr.o
 .group         0x00000000        0x8 src/ASF/common/services/sleepmgr/xmega/sleepmgr.o
 .group         0x00000000        0x8 src/ASF/common/services/sleepmgr/xmega/sleepmgr.o
 .group         0x00000000        0x8 src/ASF/common/services/sleepmgr/xmega/sleepmgr.o
 .group         0x00000000        0x8 src/ASF/common/services/sleepmgr/xmega/sleepmgr.o
 .group         0x00000000        0x8 src/ASF/common/services/sleepmgr/xmega/sleepmgr.o
 .group         0x00000000        0x8 src/ASF/common/services/sleepmgr/xmega/sleepmgr.o
 .group         0x00000000        0x8 src/ASF/common/services/sleepmgr/xmega/sleepmgr.o
 .group         0x00000000        0x8 src/ASF/common/services/sleepmgr/xmega/sleepmgr.o
 .group         0x00000000        0x8 src/ASF/common/services/sleepmgr/xmega/sleepmgr.o
 .group         0x00000000        0x8 src/ASF/common/services/sleepmgr/xmega/sleepmgr.o
 .group         0x00000000        0x8 src/ASF/common/services/sleepmgr/xmega/sleepmgr.o
 .text          0x00000000        0x0 src/ASF/common/services/sleepmgr/xmega/sleepmgr.o
 .data          0x00000000        0x0 src/ASF/common/services/sleepmgr/xmega/sleepmgr.o
 .bss           0x00000000        0x0 src/ASF/common/services/sleepmgr/xmega/sleepmgr.o
 .data.sleepmgr_configs
                0x00000000        0x6 src/ASF/common/services/sleepmgr/xmega/sleepmgr.o
 .debug_macro   0x00000000      0xa9c src/ASF/common/services/sleepmgr/xmega/sleepmgr.o
 .debug_macro   0x00000000       0x10 src/ASF/common/services/sleepmgr/xmega/sleepmgr.o
 .debug_macro   0x00000000      0x1c9 src/ASF/common/services/sleepmgr/xmega/sleepmgr.o
 .debug_macro   0x00000000      0x2fc src/ASF/common/services/sleepmgr/xmega/sleepmgr.o
 .debug_macro   0x00000000       0x9e src/ASF/common/services/sleepmgr/xmega/sleepmgr.o
 .debug_macro   0x00000000     0x5045 src/ASF/common/services/sleepmgr/xmega/sleepmgr.o
 .debug_macro   0x00000000       0x9a src/ASF/common/services/sleepmgr/xmega/sleepmgr.o
 .debug_macro   0x00000000       0xf1 src/ASF/common/services/sleepmgr/xmega/sleepmgr.o
 .debug_macro   0x00000000       0x34 src/ASF/common/services/sleepmgr/xmega/sleepmgr.o
 .debug_macro   0x00000000       0x10 src/ASF/common/services/sleepmgr/xmega/sleepmgr.o
 .debug_macro   0x00000000       0x18 src/ASF/common/services/sleepmgr/xmega/sleepmgr.o
 .debug_macro   0x00000000       0x5e src/ASF/common/services/sleepmgr/xmega/sleepmgr.o
 .debug_macro   0x00000000       0x10 src/ASF/common/services/sleepmgr/xmega/sleepmgr.o
 .debug_macro   0x00000000       0x22 src/ASF/common/services/sleepmgr/xmega/sleepmgr.o
 .debug_macro   0x00000000      0x166 src/ASF/common/services/sleepmgr/xmega/sleepmgr.o
 .debug_macro   0x00000000       0x1c src/ASF/common/services/sleepmgr/xmega/sleepmgr.o
 .debug_macro   0x00000000       0x35 src/ASF/common/services/sleepmgr/xmega/sleepmgr.o
 .debug_macro   0x00000000       0x66 src/ASF/common/services/sleepmgr/xmega/sleepmgr.o
 .debug_macro   0x00000000      0x644 src/ASF/common/services/sleepmgr/xmega/sleepmgr.o
 .debug_macro   0x00000000       0x97 src/ASF/common/services/sleepmgr/xmega/sleepmgr.o
 .debug_macro   0x00000000       0x17 src/ASF/common/services/sleepmgr/xmega/sleepmgr.o
 .debug_macro   0x00000000      0x250 src/ASF/common/services/sleepmgr/xmega/sleepmgr.o
 .debug_macro   0x00000000       0x76 src/ASF/common/services/sleepmgr/xmega/sleepmgr.o
 .debug_macro   0x00000000       0x16 src/ASF/common/services/sleepmgr/xmega/sleepmgr.o
 .debug_macro   0x00000000      0x6e3 src/ASF/common/services/sleepmgr/xmega/sleepmgr.o
 .debug_macro   0x00000000       0x10 src/ASF/common/services/sleepmgr/xmega/sleepmgr.o
 .debug_macro   0x00000000      0x175 src/ASF/common/services/sleepmgr/xmega/sleepmgr.o
 .debug_macro   0x00000000       0x40 src/ASF/common/services/sleepmgr/xmega/sleepmgr.o
 .debug_macro   0x00000000       0x69 src/ASF/common/services/sleepmgr/xmega/sleepmgr.o
 .debug_macro   0x00000000       0x32 src/ASF/common/services/sleepmgr/xmega/sleepmgr.o
 .debug_macro   0x00000000       0xe4 src/ASF/common/services/sleepmgr/xmega/sleepmgr.o
 .debug_macro   0x00000000       0x10 src/ASF/common/services/sleepmgr/xmega/sleepmgr.o
 .debug_macro   0x00000000       0x42 src/ASF/common/services/sleepmgr/xmega/sleepmgr.o
 .group         0x00000000        0x8 src/ASF/common/services/clock/xmega/sysclk.o
 .group         0x00000000        0x8 src/ASF/common/services/clock/xmega/sysclk.o
 .group         0x00000000        0x8 src/ASF/common/services/clock/xmega/sysclk.o
 .group         0x00000000        0x8 src/ASF/common/services/clock/xmega/sysclk.o
 .group         0x00000000        0x8 src/ASF/common/services/clock/xmega/sysclk.o
 .group         0x00000000        0x8 src/ASF/common/services/clock/xmega/sysclk.o
 .group         0x00000000        0x8 src/ASF/common/services/clock/xmega/sysclk.o
 .group         0x00000000        0x8 src/ASF/common/services/clock/xmega/sysclk.o
 .group         0x00000000        0x8 src/ASF/common/services/clock/xmega/sysclk.o
 .group         0x00000000        0x8 src/ASF/common/services/clock/xmega/sysclk.o
 .group         0x00000000        0x8 src/ASF/common/services/clock/xmega/sysclk.o
 .group         0x00000000        0x8 src/ASF/common/services/clock/xmega/sysclk.o
 .group         0x00000000        0x8 src/ASF/common/services/clock/xmega/sysclk.o
 .group         0x00000000        0x8 src/ASF/common/services/clock/xmega/sysclk.o
 .group         0x00000000        0x8 src/ASF/common/services/clock/xmega/sysclk.o
 .group         0x00000000        0x8 src/ASF/common/services/clock/xmega/sysclk.o
 .group         0x00000000        0x8 src/ASF/common/services/clock/xmega/sysclk.o
 .group         0x00000000        0x8 src/ASF/common/services/clock/xmega/sysclk.o
 .group         0x00000000        0x8 src/ASF/common/services/clock/xmega/sysclk.o
 .group         0x00000000        0x8 src/ASF/common/services/clock/xmega/sysclk.o
 .group         0x00000000        0x8 src/ASF/common/services/clock/xmega/sysclk.o
 .group         0x00000000        0x8 src/ASF/common/services/clock/xmega/sysclk.o
 .group         0x00000000        0x8 src/ASF/common/services/clock/xmega/sysclk.o
 .group         0x00000000        0x8 src/ASF/common/services/clock/xmega/sysclk.o
 .group         0x00000000        0x8 src/ASF/common/services/clock/xmega/sysclk.o
 .group         0x00000000        0x8 src/ASF/common/services/clock/xmega/sysclk.o
 .group         0x00000000        0x8 src/ASF/common/services/clock/xmega/sysclk.o
 .group         0x00000000        0x8 src/ASF/common/services/clock/xmega/sysclk.o
 .group         0x00000000        0x8 src/ASF/common/services/clock/xmega/sysclk.o
 .group         0x00000000        0x8 src/ASF/common/services/clock/xmega/sysclk.o
 .group         0x00000000        0x8 src/ASF/common/services/clock/xmega/sysclk.o
 .group         0x00000000        0x8 src/ASF/common/services/clock/xmega/sysclk.o
 .group         0x00000000        0x8 src/ASF/common/services/clock/xmega/sysclk.o
 .group         0x00000000        0x8 src/ASF/common/services/clock/xmega/sysclk.o
 .group         0x00000000        0x8 src/ASF/common/services/clock/xmega/sysclk.o
 .group         0x00000000        0x8 src/ASF/common/services/clock/xmega/sysclk.o
 .group         0x00000000        0x8 src/ASF/common/services/clock/xmega/sysclk.o
 .text          0x00000000        0x0 src/ASF/common/services/clock/xmega/sysclk.o
 .data          0x00000000        0x0 src/ASF/common/services/clock/xmega/sysclk.o
 .bss           0x00000000        0x0 src/ASF/common/services/clock/xmega/sysclk.o
 .text.sysclk_disable_module
                0x00000000       0x16 src/ASF/common/services/clock/xmega/sysclk.o
 .text.sysclk_enable_usb
                0x00000000       0x3e src/ASF/common/services/clock/xmega/sysclk.o
 .text.sysclk_disable_usb
                0x00000000       0x12 src/ASF/common/services/clock/xmega/sysclk.o
 .debug_macro   0x00000000      0xa9c src/ASF/common/services/clock/xmega/sysclk.o
 .debug_macro   0x00000000       0x10 src/ASF/common/services/clock/xmega/sysclk.o
 .debug_macro   0x00000000      0x1c9 src/ASF/common/services/clock/xmega/sysclk.o
 .debug_macro   0x00000000      0x2fc src/ASF/common/services/clock/xmega/sysclk.o
 .debug_macro   0x00000000       0x9e src/ASF/common/services/clock/xmega/sysclk.o
 .debug_macro   0x00000000     0x5045 src/ASF/common/services/clock/xmega/sysclk.o
 .debug_macro   0x00000000       0x9a src/ASF/common/services/clock/xmega/sysclk.o
 .debug_macro   0x00000000       0xf1 src/ASF/common/services/clock/xmega/sysclk.o
 .debug_macro   0x00000000       0x34 src/ASF/common/services/clock/xmega/sysclk.o
 .debug_macro   0x00000000       0x10 src/ASF/common/services/clock/xmega/sysclk.o
 .debug_macro   0x00000000       0x18 src/ASF/common/services/clock/xmega/sysclk.o
 .debug_macro   0x00000000       0x5e src/ASF/common/services/clock/xmega/sysclk.o
 .debug_macro   0x00000000       0x10 src/ASF/common/services/clock/xmega/sysclk.o
 .debug_macro   0x00000000       0x22 src/ASF/common/services/clock/xmega/sysclk.o
 .debug_macro   0x00000000      0x166 src/ASF/common/services/clock/xmega/sysclk.o
 .debug_macro   0x00000000       0x1c src/ASF/common/services/clock/xmega/sysclk.o
 .debug_macro   0x00000000       0x35 src/ASF/common/services/clock/xmega/sysclk.o
 .debug_macro   0x00000000       0x66 src/ASF/common/services/clock/xmega/sysclk.o
 .debug_macro   0x00000000      0x644 src/ASF/common/services/clock/xmega/sysclk.o
 .debug_macro   0x00000000       0x97 src/ASF/common/services/clock/xmega/sysclk.o
 .debug_macro   0x00000000       0x17 src/ASF/common/services/clock/xmega/sysclk.o
 .debug_macro   0x00000000      0x250 src/ASF/common/services/clock/xmega/sysclk.o
 .debug_macro   0x00000000       0x76 src/ASF/common/services/clock/xmega/sysclk.o
 .debug_macro   0x00000000       0x16 src/ASF/common/services/clock/xmega/sysclk.o
 .debug_macro   0x00000000      0x6e3 src/ASF/common/services/clock/xmega/sysclk.o
 .debug_macro   0x00000000       0x10 src/ASF/common/services/clock/xmega/sysclk.o
 .debug_macro   0x00000000      0x175 src/ASF/common/services/clock/xmega/sysclk.o
 .debug_macro   0x00000000       0x40 src/ASF/common/services/clock/xmega/sysclk.o
 .debug_macro   0x00000000       0x69 src/ASF/common/services/clock/xmega/sysclk.o
 .debug_macro   0x00000000       0x32 src/ASF/common/services/clock/xmega/sysclk.o
 .debug_macro   0x00000000       0xe4 src/ASF/common/services/clock/xmega/sysclk.o
 .debug_macro   0x00000000       0x1c src/ASF/common/services/clock/xmega/sysclk.o
 .debug_macro   0x00000000      0x2aa src/ASF/common/services/clock/xmega/sysclk.o
 .debug_macro   0x00000000       0x68 src/ASF/common/services/clock/xmega/sysclk.o
 .debug_macro   0x00000000       0x2f src/ASF/common/services/clock/xmega/sysclk.o
 .debug_macro   0x00000000      0x15b src/ASF/common/services/clock/xmega/sysclk.o
 .debug_macro   0x00000000       0x26 src/ASF/common/services/clock/xmega/sysclk.o
 .group         0x00000000        0x8 src/ASF/xmega/drivers/nvm/nvm.o
 .group         0x00000000        0x8 src/ASF/xmega/drivers/nvm/nvm.o
 .group         0x00000000        0x8 src/ASF/xmega/drivers/nvm/nvm.o
 .group         0x00000000        0x8 src/ASF/xmega/drivers/nvm/nvm.o
 .group         0x00000000        0x8 src/ASF/xmega/drivers/nvm/nvm.o
 .group         0x00000000        0x8 src/ASF/xmega/drivers/nvm/nvm.o
 .group         0x00000000        0x8 src/ASF/xmega/drivers/nvm/nvm.o
 .group         0x00000000        0x8 src/ASF/xmega/drivers/nvm/nvm.o
 .group         0x00000000        0x8 src/ASF/xmega/drivers/nvm/nvm.o
 .group         0x00000000        0x8 src/ASF/xmega/drivers/nvm/nvm.o
 .group         0x00000000        0x8 src/ASF/xmega/drivers/nvm/nvm.o
 .group         0x00000000        0x8 src/ASF/xmega/drivers/nvm/nvm.o
 .group         0x00000000        0x8 src/ASF/xmega/drivers/nvm/nvm.o
 .group         0x00000000        0x8 src/ASF/xmega/drivers/nvm/nvm.o
 .group         0x00000000        0x8 src/ASF/xmega/drivers/nvm/nvm.o
 .group         0x00000000        0x8 src/ASF/xmega/drivers/nvm/nvm.o
 .group         0x00000000        0x8 src/ASF/xmega/drivers/nvm/nvm.o
 .group         0x00000000        0x8 src/ASF/xmega/drivers/nvm/nvm.o
 .group         0x00000000        0x8 src/ASF/xmega/drivers/nvm/nvm.o
 .group         0x00000000        0x8 src/ASF/xmega/drivers/nvm/nvm.o
 .group         0x00000000        0x8 src/ASF/xmega/drivers/nvm/nvm.o
 .group         0x00000000        0x8 src/ASF/xmega/drivers/nvm/nvm.o
 .group         0x00000000        0x8 src/ASF/xmega/drivers/nvm/nvm.o
 .group         0x00000000        0x8 src/ASF/xmega/drivers/nvm/nvm.o
 .group         0x00000000        0x8 src/ASF/xmega/drivers/nvm/nvm.o
 .group         0x00000000        0x8 src/ASF/xmega/drivers/nvm/nvm.o
 .group         0x00000000        0x8 src/ASF/xmega/drivers/nvm/nvm.o
 .group         0x00000000        0x8 src/ASF/xmega/drivers/nvm/nvm.o
 .group         0x00000000        0x8 src/ASF/xmega/drivers/nvm/nvm.o
 .group         0x00000000        0x8 src/ASF/xmega/drivers/nvm/nvm.o
 .group         0x00000000        0x8 src/ASF/xmega/drivers/nvm/nvm.o
 .group         0x00000000        0x8 src/ASF/xmega/drivers/nvm/nvm.o
 .group         0x00000000        0x8 src/ASF/xmega/drivers/nvm/nvm.o
 .text          0x00000000        0x0 src/ASF/xmega/drivers/nvm/nvm.o
 .data          0x00000000        0x0 src/ASF/xmega/drivers/nvm/nvm.o
 .bss           0x00000000        0x0 src/ASF/xmega/drivers/nvm/nvm.o
 .text.nvm_wait_until_ready
                0x00000000        0xa src/ASF/xmega/drivers/nvm/nvm.o
 .text.nvm_read_production_signature_row
                0x00000000        0xa src/ASF/xmega/drivers/nvm/nvm.o
 .text.nvm_issue_command
                0x00000000       0x22 src/ASF/xmega/drivers/nvm/nvm.o
 .text.nvm_read_device_serial
                0x00000000       0x64 src/ASF/xmega/drivers/nvm/nvm.o
 .text.nvm_eeprom_read_byte
                0x00000000       0x24 src/ASF/xmega/drivers/nvm/nvm.o
 .text.nvm_eeprom_read_buffer
                0x00000000       0x60 src/ASF/xmega/drivers/nvm/nvm.o
 .text.nvm_eeprom_flush_buffer
                0x00000000       0x1e src/ASF/xmega/drivers/nvm/nvm.o
 .text.nvm_eeprom_load_byte_to_buffer
                0x00000000       0x3a src/ASF/xmega/drivers/nvm/nvm.o
 .text.nvm_eeprom_write_byte
                0x00000000       0x64 src/ASF/xmega/drivers/nvm/nvm.o
 .text.nvm_eeprom_load_page_to_buffer
                0x00000000       0x28 src/ASF/xmega/drivers/nvm/nvm.o
 .text.nvm_eeprom_atomic_write_page
                0x00000000       0x30 src/ASF/xmega/drivers/nvm/nvm.o
 .text.nvm_eeprom_erase_and_write_buffer
                0x00000000       0x7e src/ASF/xmega/drivers/nvm/nvm.o
 .text.nvm_eeprom_split_write_page
                0x00000000       0x30 src/ASF/xmega/drivers/nvm/nvm.o
 .text.nvm_eeprom_fill_buffer_with_value
                0x00000000       0x24 src/ASF/xmega/drivers/nvm/nvm.o
 .text.nvm_eeprom_erase_bytes_in_page
                0x00000000       0x30 src/ASF/xmega/drivers/nvm/nvm.o
 .text.nvm_eeprom_erase_page
                0x00000000       0x12 src/ASF/xmega/drivers/nvm/nvm.o
 .text.nvm_eeprom_erase_bytes_in_all_pages
                0x00000000        0xa src/ASF/xmega/drivers/nvm/nvm.o
 .text.nvm_eeprom_erase_all
                0x00000000        0xa src/ASF/xmega/drivers/nvm/nvm.o
 .text.nvm_issue_flash_range_crc
                0x00000000       0x5a src/ASF/xmega/drivers/nvm/nvm.o
 .text.nvm_flash_read_buffer
                0x00000000       0x60 src/ASF/xmega/drivers/nvm/nvm.o
 .text.nvm_user_sig_read_buffer
                0x00000000       0x40 src/ASF/xmega/drivers/nvm/nvm.o
 .text.nvm_user_sig_write_buffer
                0x00000000      0x12e src/ASF/xmega/drivers/nvm/nvm.o
 .text.nvm_flash_erase_and_write_buffer
                0x00000000      0x154 src/ASF/xmega/drivers/nvm/nvm.o
 .text.nvm_fuses_read
                0x00000000       0x34 src/ASF/xmega/drivers/nvm/nvm.o
 .debug_info    0x00000000     0x1143 src/ASF/xmega/drivers/nvm/nvm.o
 .debug_abbrev  0x00000000      0x3f2 src/ASF/xmega/drivers/nvm/nvm.o
 .debug_loc     0x00000000     0x130c src/ASF/xmega/drivers/nvm/nvm.o
 .debug_aranges
                0x00000000       0xd8 src/ASF/xmega/drivers/nvm/nvm.o
 .debug_ranges  0x00000000       0xe0 src/ASF/xmega/drivers/nvm/nvm.o
 .debug_macro   0x00000000      0x198 src/ASF/xmega/drivers/nvm/nvm.o
 .debug_macro   0x00000000      0xa9c src/ASF/xmega/drivers/nvm/nvm.o
 .debug_macro   0x00000000       0x10 src/ASF/xmega/drivers/nvm/nvm.o
 .debug_macro   0x00000000      0x1c9 src/ASF/xmega/drivers/nvm/nvm.o
 .debug_macro   0x00000000      0x2fc src/ASF/xmega/drivers/nvm/nvm.o
 .debug_macro   0x00000000       0x9e src/ASF/xmega/drivers/nvm/nvm.o
 .debug_macro   0x00000000     0x5045 src/ASF/xmega/drivers/nvm/nvm.o
 .debug_macro   0x00000000       0x9a src/ASF/xmega/drivers/nvm/nvm.o
 .debug_macro   0x00000000       0xf1 src/ASF/xmega/drivers/nvm/nvm.o
 .debug_macro   0x00000000       0x34 src/ASF/xmega/drivers/nvm/nvm.o
 .debug_macro   0x00000000       0x10 src/ASF/xmega/drivers/nvm/nvm.o
 .debug_macro   0x00000000       0x18 src/ASF/xmega/drivers/nvm/nvm.o
 .debug_macro   0x00000000       0x5e src/ASF/xmega/drivers/nvm/nvm.o
 .debug_macro   0x00000000       0x10 src/ASF/xmega/drivers/nvm/nvm.o
 .debug_macro   0x00000000       0x22 src/ASF/xmega/drivers/nvm/nvm.o
 .debug_macro   0x00000000      0x166 src/ASF/xmega/drivers/nvm/nvm.o
 .debug_macro   0x00000000       0x1c src/ASF/xmega/drivers/nvm/nvm.o
 .debug_macro   0x00000000       0x35 src/ASF/xmega/drivers/nvm/nvm.o
 .debug_macro   0x00000000       0x66 src/ASF/xmega/drivers/nvm/nvm.o
 .debug_macro   0x00000000      0x644 src/ASF/xmega/drivers/nvm/nvm.o
 .debug_macro   0x00000000       0x97 src/ASF/xmega/drivers/nvm/nvm.o
 .debug_macro   0x00000000       0x17 src/ASF/xmega/drivers/nvm/nvm.o
 .debug_macro   0x00000000      0x250 src/ASF/xmega/drivers/nvm/nvm.o
 .debug_macro   0x00000000       0x76 src/ASF/xmega/drivers/nvm/nvm.o
 .debug_macro   0x00000000       0x16 src/ASF/xmega/drivers/nvm/nvm.o
 .debug_macro   0x00000000      0x6e3 src/ASF/xmega/drivers/nvm/nvm.o
 .debug_macro   0x00000000       0x10 src/ASF/xmega/drivers/nvm/nvm.o
 .debug_macro   0x00000000      0x175 src/ASF/xmega/drivers/nvm/nvm.o
 .debug_macro   0x00000000       0x40 src/ASF/xmega/drivers/nvm/nvm.o
 .debug_macro   0x00000000       0x69 src/ASF/xmega/drivers/nvm/nvm.o
 .debug_macro   0x00000000       0x32 src/ASF/xmega/drivers/nvm/nvm.o
 .debug_macro   0x00000000       0xe4 src/ASF/xmega/drivers/nvm/nvm.o
 .debug_macro   0x00000000       0x26 src/ASF/xmega/drivers/nvm/nvm.o
 .debug_macro   0x00000000       0x16 src/ASF/xmega/drivers/nvm/nvm.o
 .debug_line    0x00000000      0xaac src/ASF/xmega/drivers/nvm/nvm.o
 .debug_str     0x00000000    0x24ac8 src/ASF/xmega/drivers/nvm/nvm.o
 .comment       0x00000000       0x31 src/ASF/xmega/drivers/nvm/nvm.o
 .debug_frame   0x00000000      0x3e0 src/ASF/xmega/drivers/nvm/nvm.o
 .group         0x00000000        0x8 src/ASF/xmega/drivers/tc/tc.o
 .group         0x00000000        0x8 src/ASF/xmega/drivers/tc/tc.o
 .group         0x00000000        0x8 src/ASF/xmega/drivers/tc/tc.o
 .group         0x00000000        0x8 src/ASF/xmega/drivers/tc/tc.o
 .group         0x00000000        0x8 src/ASF/xmega/drivers/tc/tc.o
 .group         0x00000000        0x8 src/ASF/xmega/drivers/tc/tc.o
 .group         0x00000000        0x8 src/ASF/xmega/drivers/tc/tc.o
 .group         0x00000000        0x8 src/ASF/xmega/drivers/tc/tc.o
 .group         0x00000000        0x8 src/ASF/xmega/drivers/tc/tc.o
 .group         0x00000000        0x8 src/ASF/xmega/drivers/tc/tc.o
 .group         0x00000000        0x8 src/ASF/xmega/drivers/tc/tc.o
 .group         0x00000000        0x8 src/ASF/xmega/drivers/tc/tc.o
 .group         0x00000000        0x8 src/ASF/xmega/drivers/tc/tc.o
 .group         0x00000000        0x8 src/ASF/xmega/drivers/tc/tc.o
 .group         0x00000000        0x8 src/ASF/xmega/drivers/tc/tc.o
 .group         0x00000000        0x8 src/ASF/xmega/drivers/tc/tc.o
 .group         0x00000000        0x8 src/ASF/xmega/drivers/tc/tc.o
 .group         0x00000000        0x8 src/ASF/xmega/drivers/tc/tc.o
 .group         0x00000000        0x8 src/ASF/xmega/drivers/tc/tc.o
 .group         0x00000000        0x8 src/ASF/xmega/drivers/tc/tc.o
 .group         0x00000000        0x8 src/ASF/xmega/drivers/tc/tc.o
 .group         0x00000000        0x8 src/ASF/xmega/drivers/tc/tc.o
 .group         0x00000000        0x8 src/ASF/xmega/drivers/tc/tc.o
 .group         0x00000000        0x8 src/ASF/xmega/drivers/tc/tc.o
 .group         0x00000000        0x8 src/ASF/xmega/drivers/tc/tc.o
 .group         0x00000000        0x8 src/ASF/xmega/drivers/tc/tc.o
 .group         0x00000000        0x8 src/ASF/xmega/drivers/tc/tc.o
 .group         0x00000000        0x8 src/ASF/xmega/drivers/tc/tc.o
 .group         0x00000000        0x8 src/ASF/xmega/drivers/tc/tc.o
 .group         0x00000000        0x8 src/ASF/xmega/drivers/tc/tc.o
 .group         0x00000000        0x8 src/ASF/xmega/drivers/tc/tc.o
 .group         0x00000000        0x8 src/ASF/xmega/drivers/tc/tc.o
 .group         0x00000000        0x8 src/ASF/xmega/drivers/tc/tc.o
 .group         0x00000000        0x8 src/ASF/xmega/drivers/tc/tc.o
 .group         0x00000000        0x8 src/ASF/xmega/drivers/tc/tc.o
 .group         0x00000000        0x8 src/ASF/xmega/drivers/tc/tc.o
 .group         0x00000000        0x8 src/ASF/xmega/drivers/tc/tc.o
 .group         0x00000000        0x8 src/ASF/xmega/drivers/tc/tc.o
 .group         0x00000000        0x8 src/ASF/xmega/drivers/tc/tc.o
 .text          0x00000000        0x0 src/ASF/xmega/drivers/tc/tc.o
 .data          0x00000000        0x0 src/ASF/xmega/drivers/tc/tc.o
 .bss           0x00000000        0x0 src/ASF/xmega/drivers/tc/tc.o
 .text.tc_disable
                0x00000000       0x8a src/ASF/xmega/drivers/tc/tc.o
 .text.tc_set_overflow_interrupt_callback
                0x00000000       0x58 src/ASF/xmega/drivers/tc/tc.o
 .text.tc_set_error_interrupt_callback
                0x00000000       0x58 src/ASF/xmega/drivers/tc/tc.o
 .text.tc_set_ccb_interrupt_callback
                0x00000000       0x58 src/ASF/xmega/drivers/tc/tc.o
 .text.tc_set_ccc_interrupt_callback
                0x00000000       0x46 src/ASF/xmega/drivers/tc/tc.o
 .text.tc_set_ccd_interrupt_callback
                0x00000000       0x46 src/ASF/xmega/drivers/tc/tc.o
 .debug_macro   0x00000000      0xa9c src/ASF/xmega/drivers/tc/tc.o
 .debug_macro   0x00000000      0x1c9 src/ASF/xmega/drivers/tc/tc.o
 .debug_macro   0x00000000      0x644 src/ASF/xmega/drivers/tc/tc.o
 .debug_macro   0x00000000       0x10 src/ASF/xmega/drivers/tc/tc.o
 .debug_macro   0x00000000       0x9e src/ASF/xmega/drivers/tc/tc.o
 .debug_macro   0x00000000     0x5045 src/ASF/xmega/drivers/tc/tc.o
 .debug_macro   0x00000000       0x9a src/ASF/xmega/drivers/tc/tc.o
 .debug_macro   0x00000000       0xf1 src/ASF/xmega/drivers/tc/tc.o
 .debug_macro   0x00000000       0x34 src/ASF/xmega/drivers/tc/tc.o
 .debug_macro   0x00000000       0x10 src/ASF/xmega/drivers/tc/tc.o
 .debug_macro   0x00000000       0x18 src/ASF/xmega/drivers/tc/tc.o
 .debug_macro   0x00000000       0x5e src/ASF/xmega/drivers/tc/tc.o
 .debug_macro   0x00000000       0x10 src/ASF/xmega/drivers/tc/tc.o
 .debug_macro   0x00000000       0x22 src/ASF/xmega/drivers/tc/tc.o
 .debug_macro   0x00000000      0x166 src/ASF/xmega/drivers/tc/tc.o
 .debug_macro   0x00000000       0x1c src/ASF/xmega/drivers/tc/tc.o
 .debug_macro   0x00000000       0x35 src/ASF/xmega/drivers/tc/tc.o
 .debug_macro   0x00000000       0x66 src/ASF/xmega/drivers/tc/tc.o
 .debug_macro   0x00000000       0x97 src/ASF/xmega/drivers/tc/tc.o
 .debug_macro   0x00000000       0x17 src/ASF/xmega/drivers/tc/tc.o
 .debug_macro   0x00000000      0x250 src/ASF/xmega/drivers/tc/tc.o
 .debug_macro   0x00000000       0x76 src/ASF/xmega/drivers/tc/tc.o
 .debug_macro   0x00000000       0x16 src/ASF/xmega/drivers/tc/tc.o
 .debug_macro   0x00000000      0x6e3 src/ASF/xmega/drivers/tc/tc.o
 .debug_macro   0x00000000       0x10 src/ASF/xmega/drivers/tc/tc.o
 .debug_macro   0x00000000      0x175 src/ASF/xmega/drivers/tc/tc.o
 .debug_macro   0x00000000       0x40 src/ASF/xmega/drivers/tc/tc.o
 .debug_macro   0x00000000       0xe4 src/ASF/xmega/drivers/tc/tc.o
 .debug_macro   0x00000000       0x69 src/ASF/xmega/drivers/tc/tc.o
 .debug_macro   0x00000000       0x32 src/ASF/xmega/drivers/tc/tc.o
 .debug_macro   0x00000000       0x10 src/ASF/xmega/drivers/tc/tc.o
 .debug_macro   0x00000000       0x42 src/ASF/xmega/drivers/tc/tc.o
 .debug_macro   0x00000000       0x1c src/ASF/xmega/drivers/tc/tc.o
 .debug_macro   0x00000000      0x2aa src/ASF/xmega/drivers/tc/tc.o
 .debug_macro   0x00000000       0x68 src/ASF/xmega/drivers/tc/tc.o
 .debug_macro   0x00000000       0x2f src/ASF/xmega/drivers/tc/tc.o
 .debug_macro   0x00000000      0x15b src/ASF/xmega/drivers/tc/tc.o
 .debug_macro   0x00000000       0x12 src/ASF/xmega/drivers/tc/tc.o
 .text          0x00000000        0x0 src/ASF/xmega/drivers/nvm/nvm_asm.o
 .data          0x00000000        0x0 src/ASF/xmega/drivers/nvm/nvm_asm.o
 .bss           0x00000000        0x0 src/ASF/xmega/drivers/nvm/nvm_asm.o
 .text.nvm_read_byte
                0x00000000       0x14 src/ASF/xmega/drivers/nvm/nvm_asm.o
 .BOOT          0x00000000       0x44 src/ASF/xmega/drivers/nvm/nvm_asm.o
 .debug_line    0x00000000      0x11f src/ASF/xmega/drivers/nvm/nvm_asm.o
 .debug_info    0x00000000       0x85 src/ASF/xmega/drivers/nvm/nvm_asm.o
 .debug_abbrev  0x00000000       0x12 src/ASF/xmega/drivers/nvm/nvm_asm.o
 .debug_aranges
                0x00000000       0x28 src/ASF/xmega/drivers/nvm/nvm_asm.o
 .debug_ranges  0x00000000       0x20 src/ASF/xmega/drivers/nvm/nvm_asm.o
 .text          0x00000000        0x0 src/ASF/xmega/drivers/cpu/ccp.o
 .data          0x00000000        0x0 src/ASF/xmega/drivers/cpu/ccp.o
 .bss           0x00000000        0x0 src/ASF/xmega/drivers/cpu/ccp.o
 .group         0x00000000        0x8 src/ASF/common/boards/user_board/init.o
 .group         0x00000000        0x8 src/ASF/common/boards/user_board/init.o
 .group         0x00000000        0x8 src/ASF/common/boards/user_board/init.o
 .group         0x00000000        0x8 src/ASF/common/boards/user_board/init.o
 .group         0x00000000        0x8 src/ASF/common/boards/user_board/init.o
 .group         0x00000000        0x8 src/ASF/common/boards/user_board/init.o
 .group         0x00000000        0x8 src/ASF/common/boards/user_board/init.o
 .group         0x00000000        0x8 src/ASF/common/boards/user_board/init.o
 .group         0x00000000        0x8 src/ASF/common/boards/user_board/init.o
 .group         0x00000000        0x8 src/ASF/common/boards/user_board/init.o
 .group         0x00000000        0x8 src/ASF/common/boards/user_board/init.o
 .group         0x00000000        0x8 src/ASF/common/boards/user_board/init.o
 .group         0x00000000        0x8 src/ASF/common/boards/user_board/init.o
 .group         0x00000000        0x8 src/ASF/common/boards/user_board/init.o
 .group         0x00000000        0x8 src/ASF/common/boards/user_board/init.o
 .group         0x00000000        0x8 src/ASF/common/boards/user_board/init.o
 .group         0x00000000        0x8 src/ASF/common/boards/user_board/init.o
 .group         0x00000000        0x8 src/ASF/common/boards/user_board/init.o
 .group         0x00000000        0x8 src/ASF/common/boards/user_board/init.o
 .group         0x00000000        0x8 src/ASF/common/boards/user_board/init.o
 .group         0x00000000        0x8 src/ASF/common/boards/user_board/init.o
 .group         0x00000000        0x8 src/ASF/common/boards/user_board/init.o
 .group         0x00000000        0x8 src/ASF/common/boards/user_board/init.o
 .group         0x00000000        0x8 src/ASF/common/boards/user_board/init.o
 .group         0x00000000        0x8 src/ASF/common/boards/user_board/init.o
 .group         0x00000000        0x8 src/ASF/common/boards/user_board/init.o
 .group         0x00000000        0x8 src/ASF/common/boards/user_board/init.o
 .group         0x00000000        0x8 src/ASF/common/boards/user_board/init.o
 .group         0x00000000        0x8 src/ASF/common/boards/user_board/init.o
 .group         0x00000000        0x8 src/ASF/common/boards/user_board/init.o
 .group         0x00000000        0x8 src/ASF/common/boards/user_board/init.o
 .group         0x00000000        0x8 src/ASF/common/boards/user_board/init.o
 .group         0x00000000        0x8 src/ASF/common/boards/user_board/init.o
 .group         0x00000000        0x8 src/ASF/common/boards/user_board/init.o
 .group         0x00000000        0x8 src/ASF/common/boards/user_board/init.o
 .group         0x00000000        0x8 src/ASF/common/boards/user_board/init.o
 .group         0x00000000        0x8 src/ASF/common/boards/user_board/init.o
 .group         0x00000000        0x8 src/ASF/common/boards/user_board/init.o
 .group         0x00000000        0x8 src/ASF/common/boards/user_board/init.o
 .group         0x00000000        0x8 src/ASF/common/boards/user_board/init.o
 .group         0x00000000        0x8 src/ASF/common/boards/user_board/init.o
 .text          0x00000000        0x0 src/ASF/common/boards/user_board/init.o
 .data          0x00000000        0x0 src/ASF/common/boards/user_board/init.o
 .bss           0x00000000        0x0 src/ASF/common/boards/user_board/init.o
 .debug_macro   0x00000000      0xa9c src/ASF/common/boards/user_board/init.o
 .debug_macro   0x00000000       0x10 src/ASF/common/boards/user_board/init.o
 .debug_macro   0x00000000      0x1c9 src/ASF/common/boards/user_board/init.o
 .debug_macro   0x00000000      0x2fc src/ASF/common/boards/user_board/init.o
 .debug_macro   0x00000000       0x9e src/ASF/common/boards/user_board/init.o
 .debug_macro   0x00000000     0x5045 src/ASF/common/boards/user_board/init.o
 .debug_macro   0x00000000       0x9a src/ASF/common/boards/user_board/init.o
 .debug_macro   0x00000000       0xf1 src/ASF/common/boards/user_board/init.o
 .debug_macro   0x00000000       0x34 src/ASF/common/boards/user_board/init.o
 .debug_macro   0x00000000       0x10 src/ASF/common/boards/user_board/init.o
 .debug_macro   0x00000000       0x18 src/ASF/common/boards/user_board/init.o
 .debug_macro   0x00000000       0x5e src/ASF/common/boards/user_board/init.o
 .debug_macro   0x00000000       0x10 src/ASF/common/boards/user_board/init.o
 .debug_macro   0x00000000       0x22 src/ASF/common/boards/user_board/init.o
 .debug_macro   0x00000000      0x166 src/ASF/common/boards/user_board/init.o
 .debug_macro   0x00000000       0x1c src/ASF/common/boards/user_board/init.o
 .debug_macro   0x00000000       0x35 src/ASF/common/boards/user_board/init.o
 .debug_macro   0x00000000       0x66 src/ASF/common/boards/user_board/init.o
 .debug_macro   0x00000000      0x644 src/ASF/common/boards/user_board/init.o
 .debug_macro   0x00000000       0x97 src/ASF/common/boards/user_board/init.o
 .debug_macro   0x00000000       0x17 src/ASF/common/boards/user_board/init.o
 .debug_macro   0x00000000      0x250 src/ASF/common/boards/user_board/init.o
 .debug_macro   0x00000000       0x76 src/ASF/common/boards/user_board/init.o
 .debug_macro   0x00000000       0x16 src/ASF/common/boards/user_board/init.o
 .debug_macro   0x00000000      0x6e3 src/ASF/common/boards/user_board/init.o
 .debug_macro   0x00000000       0x10 src/ASF/common/boards/user_board/init.o
 .debug_macro   0x00000000      0x175 src/ASF/common/boards/user_board/init.o
 .debug_macro   0x00000000       0x40 src/ASF/common/boards/user_board/init.o
 .debug_macro   0x00000000       0x69 src/ASF/common/boards/user_board/init.o
 .debug_macro   0x00000000       0x32 src/ASF/common/boards/user_board/init.o
 .debug_macro   0x00000000       0xe4 src/ASF/common/boards/user_board/init.o
 .debug_macro   0x00000000       0x34 src/ASF/common/boards/user_board/init.o
 .debug_macro   0x00000000      0x2aa src/ASF/common/boards/user_board/init.o
 .debug_macro   0x00000000       0x26 src/ASF/common/boards/user_board/init.o
 .debug_macro   0x00000000       0x42 src/ASF/common/boards/user_board/init.o
 .debug_macro   0x00000000       0x10 src/ASF/common/boards/user_board/init.o
 .debug_macro   0x00000000       0x1c src/ASF/common/boards/user_board/init.o
 .debug_macro   0x00000000       0x68 src/ASF/common/boards/user_board/init.o
 .debug_macro   0x00000000       0x2f src/ASF/common/boards/user_board/init.o
 .debug_macro   0x00000000      0x15b src/ASF/common/boards/user_board/init.o
 .debug_macro   0x00000000       0x12 src/ASF/common/boards/user_board/init.o
 .group         0x00000000        0x8 touch.o
 .group         0x00000000        0x8 touch.o
 .group         0x00000000        0x8 touch.o
 .group         0x00000000        0x8 touch.o
 .group         0x00000000        0x8 touch.o
 .group         0x00000000        0x8 touch.o
 .group         0x00000000        0x8 touch.o
 .group         0x00000000        0x8 touch.o
 .group         0x00000000        0x8 touch.o
 .group         0x00000000        0x8 touch.o
 .group         0x00000000        0x8 touch.o
 .group         0x00000000        0x8 touch.o
 .group         0x00000000        0x8 touch.o
 .group         0x00000000        0x8 touch.o
 .group         0x00000000        0x8 touch.o
 .group         0x00000000        0x8 touch.o
 .group         0x00000000        0x8 touch.o
 .group         0x00000000        0x8 touch.o
 .group         0x00000000        0x8 touch.o
 .group         0x00000000        0x8 touch.o
 .group         0x00000000        0x8 touch.o
 .text          0x00000000        0x0 touch.o
 .data          0x00000000        0x0 touch.o
 .bss           0x00000000        0x0 touch.o
 .data.pqt_measure_data
                0x00000000        0x2 touch.o
 .debug_macro   0x00000000      0xa9c touch.o
 .debug_macro   0x00000000       0x10 touch.o
 .debug_macro   0x00000000      0x1c9 touch.o
 .debug_macro   0x00000000      0x2fc touch.o
 .debug_macro   0x00000000       0x9e touch.o
 .debug_macro   0x00000000     0x5045 touch.o
 .debug_macro   0x00000000       0x9a touch.o
 .debug_macro   0x00000000       0xf1 touch.o
 .debug_macro   0x00000000       0x34 touch.o
 .debug_macro   0x00000000       0x10 touch.o
 .debug_macro   0x00000000       0x18 touch.o
 .debug_macro   0x00000000       0x5e touch.o
 .debug_macro   0x00000000       0x69 touch.o
 .debug_macro   0x00000000       0x66 touch.o
 .debug_macro   0x00000000       0x22 touch.o
 .debug_macro   0x00000000       0x1c touch.o
 .debug_macro   0x00000000       0x66 touch.o
 .debug_macro   0x00000000       0x5a touch.o
 .debug_macro   0x00000000       0x28 touch.o
 .debug_macro   0x00000000       0x9e touch.o
 .data          0x00000000        0x0 ../src/QTouch\libavrxmega6g1-8qt-k-0rs.a(burst_1_2_11_0_1.o)
 .progmem.data  0x00000000        0x6 ../src/QTouch\libavrxmega6g1-8qt-k-0rs.a(touch_api.o)
 .data          0x00000000        0x0 ../src/QTouch\libavrxmega6g1-8qt-k-0rs.a(touch_process.o)
 .data          0x00000000        0x0 ../src/QTouch\libavrxmega6g1-8qt-k-0rs.a(touch_burst_qt.o)
 .text          0x00000000        0x0 c:/program files (x86)/atmel/studio/7.0/toolchain/avr8/avr8-gnu-toolchain/bin/../lib/gcc/avr/4.9.2/avrxmega6\libgcc.a(_exit.o)
 .data          0x00000000        0x0 c:/program files (x86)/atmel/studio/7.0/toolchain/avr8/avr8-gnu-toolchain/bin/../lib/gcc/avr/4.9.2/avrxmega6\libgcc.a(_exit.o)
 .bss           0x00000000        0x0 c:/program files (x86)/atmel/studio/7.0/toolchain/avr8/avr8-gnu-toolchain/bin/../lib/gcc/avr/4.9.2/avrxmega6\libgcc.a(_exit.o)
 .text.libgcc.mul
                0x00000000        0x0 c:/program files (x86)/atmel/studio/7.0/toolchain/avr8/avr8-gnu-toolchain/bin/../lib/gcc/avr/4.9.2/avrxmega6\libgcc.a(_exit.o)
 .text.libgcc.div
                0x00000000        0x0 c:/program files (x86)/atmel/studio/7.0/toolchain/avr8/avr8-gnu-toolchain/bin/../lib/gcc/avr/4.9.2/avrxmega6\libgcc.a(_exit.o)
 .text.libgcc   0x00000000        0x0 c:/program files (x86)/atmel/studio/7.0/toolchain/avr8/avr8-gnu-toolchain/bin/../lib/gcc/avr/4.9.2/avrxmega6\libgcc.a(_exit.o)
 .text.libgcc.prologue
                0x00000000        0x0 c:/program files (x86)/atmel/studio/7.0/toolchain/avr8/avr8-gnu-toolchain/bin/../lib/gcc/avr/4.9.2/avrxmega6\libgcc.a(_exit.o)
 .text.libgcc.builtins
                0x00000000        0x0 c:/program files (x86)/atmel/studio/7.0/toolchain/avr8/avr8-gnu-toolchain/bin/../lib/gcc/avr/4.9.2/avrxmega6\libgcc.a(_exit.o)
 .text.libgcc.fmul
                0x00000000        0x0 c:/program files (x86)/atmel/studio/7.0/toolchain/avr8/avr8-gnu-toolchain/bin/../lib/gcc/avr/4.9.2/avrxmega6\libgcc.a(_exit.o)
 .text.libgcc.fixed
                0x00000000        0x0 c:/program files (x86)/atmel/studio/7.0/toolchain/avr8/avr8-gnu-toolchain/bin/../lib/gcc/avr/4.9.2/avrxmega6\libgcc.a(_exit.o)
 .text          0x00000000        0x0 c:/program files (x86)/atmel/studio/7.0/toolchain/avr8/avr8-gnu-toolchain/bin/../lib/gcc/avr/4.9.2/avrxmega6\libgcc.a(_copy_data.o)
 .data          0x00000000        0x0 c:/program files (x86)/atmel/studio/7.0/toolchain/avr8/avr8-gnu-toolchain/bin/../lib/gcc/avr/4.9.2/avrxmega6\libgcc.a(_copy_data.o)
 .bss           0x00000000        0x0 c:/program files (x86)/atmel/studio/7.0/toolchain/avr8/avr8-gnu-toolchain/bin/../lib/gcc/avr/4.9.2/avrxmega6\libgcc.a(_copy_data.o)
 .text.libgcc.mul
                0x00000000        0x0 c:/program files (x86)/atmel/studio/7.0/toolchain/avr8/avr8-gnu-toolchain/bin/../lib/gcc/avr/4.9.2/avrxmega6\libgcc.a(_copy_data.o)
 .text.libgcc.div
                0x00000000        0x0 c:/program files (x86)/atmel/studio/7.0/toolchain/avr8/avr8-gnu-toolchain/bin/../lib/gcc/avr/4.9.2/avrxmega6\libgcc.a(_copy_data.o)
 .text.libgcc   0x00000000        0x0 c:/program files (x86)/atmel/studio/7.0/toolchain/avr8/avr8-gnu-toolchain/bin/../lib/gcc/avr/4.9.2/avrxmega6\libgcc.a(_copy_data.o)
 .text.libgcc.prologue
                0x00000000        0x0 c:/program files (x86)/atmel/studio/7.0/toolchain/avr8/avr8-gnu-toolchain/bin/../lib/gcc/avr/4.9.2/avrxmega6\libgcc.a(_copy_data.o)
 .text.libgcc.builtins
                0x00000000        0x0 c:/program files (x86)/atmel/studio/7.0/toolchain/avr8/avr8-gnu-toolchain/bin/../lib/gcc/avr/4.9.2/avrxmega6\libgcc.a(_copy_data.o)
 .text.libgcc.fmul
                0x00000000        0x0 c:/program files (x86)/atmel/studio/7.0/toolchain/avr8/avr8-gnu-toolchain/bin/../lib/gcc/avr/4.9.2/avrxmega6\libgcc.a(_copy_data.o)
 .text.libgcc.fixed
                0x00000000        0x0 c:/program files (x86)/atmel/studio/7.0/toolchain/avr8/avr8-gnu-toolchain/bin/../lib/gcc/avr/4.9.2/avrxmega6\libgcc.a(_copy_data.o)
 .text          0x00000000        0x0 c:/program files (x86)/atmel/studio/7.0/toolchain/avr8/avr8-gnu-toolchain/bin/../lib/gcc/avr/4.9.2/avrxmega6\libgcc.a(_clear_bss.o)
 .data          0x00000000        0x0 c:/program files (x86)/atmel/studio/7.0/toolchain/avr8/avr8-gnu-toolchain/bin/../lib/gcc/avr/4.9.2/avrxmega6\libgcc.a(_clear_bss.o)
 .bss           0x00000000        0x0 c:/program files (x86)/atmel/studio/7.0/toolchain/avr8/avr8-gnu-toolchain/bin/../lib/gcc/avr/4.9.2/avrxmega6\libgcc.a(_clear_bss.o)
 .text.libgcc.mul
                0x00000000        0x0 c:/program files (x86)/atmel/studio/7.0/toolchain/avr8/avr8-gnu-toolchain/bin/../lib/gcc/avr/4.9.2/avrxmega6\libgcc.a(_clear_bss.o)
 .text.libgcc.div
                0x00000000        0x0 c:/program files (x86)/atmel/studio/7.0/toolchain/avr8/avr8-gnu-toolchain/bin/../lib/gcc/avr/4.9.2/avrxmega6\libgcc.a(_clear_bss.o)
 .text.libgcc   0x00000000        0x0 c:/program files (x86)/atmel/studio/7.0/toolchain/avr8/avr8-gnu-toolchain/bin/../lib/gcc/avr/4.9.2/avrxmega6\libgcc.a(_clear_bss.o)
 .text.libgcc.prologue
                0x00000000        0x0 c:/program files (x86)/atmel/studio/7.0/toolchain/avr8/avr8-gnu-toolchain/bin/../lib/gcc/avr/4.9.2/avrxmega6\libgcc.a(_clear_bss.o)
 .text.libgcc.builtins
                0x00000000        0x0 c:/program files (x86)/atmel/studio/7.0/toolchain/avr8/avr8-gnu-toolchain/bin/../lib/gcc/avr/4.9.2/avrxmega6\libgcc.a(_clear_bss.o)
 .text.libgcc.fmul
                0x00000000        0x0 c:/program files (x86)/atmel/studio/7.0/toolchain/avr8/avr8-gnu-toolchain/bin/../lib/gcc/avr/4.9.2/avrxmega6\libgcc.a(_clear_bss.o)
 .text.libgcc.fixed
                0x00000000        0x0 c:/program files (x86)/atmel/studio/7.0/toolchain/avr8/avr8-gnu-toolchain/bin/../lib/gcc/avr/4.9.2/avrxmega6\libgcc.a(_clear_bss.o)
 .text          0x00000000        0x0 c:/program files (x86)/atmel/studio/7.0/toolchain/avr8/avr8-gnu-toolchain/bin/../lib/gcc/avr/4.9.2/avrxmega6\libgcc.a(_prologue.o)
 .data          0x00000000        0x0 c:/program files (x86)/atmel/studio/7.0/toolchain/avr8/avr8-gnu-toolchain/bin/../lib/gcc/avr/4.9.2/avrxmega6\libgcc.a(_prologue.o)
 .bss           0x00000000        0x0 c:/program files (x86)/atmel/studio/7.0/toolchain/avr8/avr8-gnu-toolchain/bin/../lib/gcc/avr/4.9.2/avrxmega6\libgcc.a(_prologue.o)
 .text.libgcc.mul
                0x00000000        0x0 c:/program files (x86)/atmel/studio/7.0/toolchain/avr8/avr8-gnu-toolchain/bin/../lib/gcc/avr/4.9.2/avrxmega6\libgcc.a(_prologue.o)
 .text.libgcc.div
                0x00000000        0x0 c:/program files (x86)/atmel/studio/7.0/toolchain/avr8/avr8-gnu-toolchain/bin/../lib/gcc/avr/4.9.2/avrxmega6\libgcc.a(_prologue.o)
 .text.libgcc   0x00000000        0x0 c:/program files (x86)/atmel/studio/7.0/toolchain/avr8/avr8-gnu-toolchain/bin/../lib/gcc/avr/4.9.2/avrxmega6\libgcc.a(_prologue.o)
 .text.libgcc.builtins
                0x00000000        0x0 c:/program files (x86)/atmel/studio/7.0/toolchain/avr8/avr8-gnu-toolchain/bin/../lib/gcc/avr/4.9.2/avrxmega6\libgcc.a(_prologue.o)
 .text.libgcc.fmul
                0x00000000        0x0 c:/program files (x86)/atmel/studio/7.0/toolchain/avr8/avr8-gnu-toolchain/bin/../lib/gcc/avr/4.9.2/avrxmega6\libgcc.a(_prologue.o)
 .text.libgcc.fixed
                0x00000000        0x0 c:/program files (x86)/atmel/studio/7.0/toolchain/avr8/avr8-gnu-toolchain/bin/../lib/gcc/avr/4.9.2/avrxmega6\libgcc.a(_prologue.o)
 .text          0x00000000        0x0 c:/program files (x86)/atmel/studio/7.0/toolchain/avr8/avr8-gnu-toolchain/bin/../lib/gcc/avr/4.9.2/avrxmega6\libgcc.a(_epilogue.o)
 .data          0x00000000        0x0 c:/program files (x86)/atmel/studio/7.0/toolchain/avr8/avr8-gnu-toolchain/bin/../lib/gcc/avr/4.9.2/avrxmega6\libgcc.a(_epilogue.o)
 .bss           0x00000000        0x0 c:/program files (x86)/atmel/studio/7.0/toolchain/avr8/avr8-gnu-toolchain/bin/../lib/gcc/avr/4.9.2/avrxmega6\libgcc.a(_epilogue.o)
 .text.libgcc.mul
                0x00000000        0x0 c:/program files (x86)/atmel/studio/7.0/toolchain/avr8/avr8-gnu-toolchain/bin/../lib/gcc/avr/4.9.2/avrxmega6\libgcc.a(_epilogue.o)
 .text.libgcc.div
                0x00000000        0x0 c:/program files (x86)/atmel/studio/7.0/toolchain/avr8/avr8-gnu-toolchain/bin/../lib/gcc/avr/4.9.2/avrxmega6\libgcc.a(_epilogue.o)
 .text.libgcc   0x00000000        0x0 c:/program files (x86)/atmel/studio/7.0/toolchain/avr8/avr8-gnu-toolchain/bin/../lib/gcc/avr/4.9.2/avrxmega6\libgcc.a(_epilogue.o)
 .text.libgcc.builtins
                0x00000000        0x0 c:/program files (x86)/atmel/studio/7.0/toolchain/avr8/avr8-gnu-toolchain/bin/../lib/gcc/avr/4.9.2/avrxmega6\libgcc.a(_epilogue.o)
 .text.libgcc.fmul
                0x00000000        0x0 c:/program files (x86)/atmel/studio/7.0/toolchain/avr8/avr8-gnu-toolchain/bin/../lib/gcc/avr/4.9.2/avrxmega6\libgcc.a(_epilogue.o)
 .text.libgcc.fixed
                0x00000000        0x0 c:/program files (x86)/atmel/studio/7.0/toolchain/avr8/avr8-gnu-toolchain/bin/../lib/gcc/avr/4.9.2/avrxmega6\libgcc.a(_epilogue.o)
 .text          0x00000000        0x0 c:/program files (x86)/atmel/studio/7.0/toolchain/avr8/avr8-gnu-toolchain/bin/../lib/gcc/avr/4.9.2/../../../../avr/lib/avrxmega6\libc.a(memcpy.o)
 .data          0x00000000        0x0 c:/program files (x86)/atmel/studio/7.0/toolchain/avr8/avr8-gnu-toolchain/bin/../lib/gcc/avr/4.9.2/../../../../avr/lib/avrxmega6\libc.a(memcpy.o)
 .bss           0x00000000        0x0 c:/program files (x86)/atmel/studio/7.0/toolchain/avr8/avr8-gnu-toolchain/bin/../lib/gcc/avr/4.9.2/../../../../avr/lib/avrxmega6\libc.a(memcpy.o)
 .text.avr-libc
                0x00000000       0x12 c:/program files (x86)/atmel/studio/7.0/toolchain/avr8/avr8-gnu-toolchain/bin/../lib/gcc/avr/4.9.2/../../../../avr/lib/avrxmega6\libc.a(memcpy.o)

Memory Configuration

Name             Origin             Length             Attributes
text             0x00000000         0x00100000         xr
data             0x00802000         0x0000ffa0         rw !x
eeprom           0x00810000         0x00010000         rw !x
fuse             0x00820000         0x00000400         rw !x
lock             0x00830000         0x00000400         rw !x
signature        0x00840000         0x00000400         rw !x
user_signatures  0x00850000         0x00000400         rw !x
*default*        0x00000000         0xffffffff

Linker script and memory map

LOAD C:/Program Files (x86)/Atmel/Studio/7.0/Packs/atmel/XMEGAC_DFP/1.0.29/gcc/dev/atxmega384c3/avrxmega6/crtatxmega384c3.o
LOAD main.o
LOAD src/QTouch/BitBangSPI_Master.o
LOAD src/QTouch/eeprom_access.o
LOAD src/QTouch/init_mcu_atxmega.o
LOAD src/QTouch/QDebug.o
LOAD src/QTouch/QDebugTransport.o
LOAD src/QTouch/qt_asm_xmega.o
LOAD src/ASF/common/services/sleepmgr/xmega/sleepmgr.o
LOAD src/ASF/common/services/clock/xmega/sysclk.o
LOAD src/ASF/xmega/drivers/nvm/nvm.o
LOAD src/ASF/xmega/drivers/tc/tc.o
LOAD src/ASF/xmega/drivers/nvm/nvm_asm.o
LOAD src/ASF/xmega/drivers/cpu/ccp.o
LOAD src/ASF/common/boards/user_board/init.o
LOAD touch.o
START GROUP
LOAD ../src/QTouch\libavrxmega6g1-8qt-k-0rs.a
LOAD c:/program files (x86)/atmel/studio/7.0/toolchain/avr8/avr8-gnu-toolchain/bin/../lib/gcc/avr/4.9.2/../../../../avr/lib/avrxmega6\libm.a
END GROUP
START GROUP
LOAD c:/program files (x86)/atmel/studio/7.0/toolchain/avr8/avr8-gnu-toolchain/bin/../lib/gcc/avr/4.9.2/avrxmega6\libgcc.a
LOAD c:/program files (x86)/atmel/studio/7.0/toolchain/avr8/avr8-gnu-toolchain/bin/../lib/gcc/avr/4.9.2/../../../../avr/lib/avrxmega6\libm.a
LOAD c:/program files (x86)/atmel/studio/7.0/toolchain/avr8/avr8-gnu-toolchain/bin/../lib/gcc/avr/4.9.2/../../../../avr/lib/avrxmega6\libc.a
LOAD C:/Program Files (x86)/Atmel/Studio/7.0/Packs/atmel/XMEGAC_DFP/1.0.29/gcc/dev/atxmega384c3/avrxmega6\libatxmega384c3.a
END GROUP
                0x00100000                __TEXT_REGION_LENGTH__ = DEFINED (__TEXT_REGION_LENGTH__)?__TEXT_REGION_LENGTH__:0x100000
                0x0000ffa0                __DATA_REGION_LENGTH__ = DEFINED (__DATA_REGION_LENGTH__)?__DATA_REGION_LENGTH__:0xffa0
                0x00010000                __EEPROM_REGION_LENGTH__ = DEFINED (__EEPROM_REGION_LENGTH__)?__EEPROM_REGION_LENGTH__:0x10000
                0x00000400                __FUSE_REGION_LENGTH__ = DEFINED (__FUSE_REGION_LENGTH__)?__FUSE_REGION_LENGTH__:0x400
                0x00000400                __LOCK_REGION_LENGTH__ = DEFINED (__LOCK_REGION_LENGTH__)?__LOCK_REGION_LENGTH__:0x400
                0x00000400                __SIGNATURE_REGION_LENGTH__ = DEFINED (__SIGNATURE_REGION_LENGTH__)?__SIGNATURE_REGION_LENGTH__:0x400
                0x00000400                __USER_SIGNATURE_REGION_LENGTH__ = DEFINED (__USER_SIGNATURE_REGION_LENGTH__)?__USER_SIGNATURE_REGION_LENGTH__:0x400

.hash
 *(.hash)

.dynsym
 *(.dynsym)

.dynstr
 *(.dynstr)

.gnu.version
 *(.gnu.version)

.gnu.version_d
 *(.gnu.version_d)

.gnu.version_r
 *(.gnu.version_r)

.rel.init
 *(.rel.init)

.rela.init
 *(.rela.init)

.rel.text
 *(.rel.text)
 *(.rel.text.*)
 *(.rel.gnu.linkonce.t*)

.rela.text
 *(.rela.text)
 *(.rela.text.*)
 *(.rela.gnu.linkonce.t*)

.rel.fini
 *(.rel.fini)

.rela.fini
 *(.rela.fini)

.rel.rodata
 *(.rel.rodata)
 *(.rel.rodata.*)
 *(.rel.gnu.linkonce.r*)

.rela.rodata
 *(.rela.rodata)
 *(.rela.rodata.*)
 *(.rela.gnu.linkonce.r*)

.rel.data
 *(.rel.data)
 *(.rel.data.*)
 *(.rel.gnu.linkonce.d*)

.rela.data
 *(.rela.data)
 *(.rela.data.*)
 *(.rela.gnu.linkonce.d*)

.rel.ctors
 *(.rel.ctors)

.rela.ctors
 *(.rela.ctors)

.rel.dtors
 *(.rel.dtors)

.rela.dtors
 *(.rela.dtors)

.rel.got
 *(.rel.got)

.rela.got
 *(.rela.got)

.rel.bss
 *(.rel.bss)

.rela.bss
 *(.rela.bss)

.rel.plt
 *(.rel.plt)

.rela.plt
 *(.rela.plt)

.text           0x00000000     0x1c5a
 *(.vectors)
 .vectors       0x00000000      0x1fc C:/Program Files (x86)/Atmel/Studio/7.0/Packs/atmel/XMEGAC_DFP/1.0.29/gcc/dev/atxmega384c3/avrxmega6/crtatxmega384c3.o
                0x00000000                __vector_default
                0x00000000                __vectors
 *(.vectors)
 *(.progmem.gcc*)
                0x000001fc                . = ALIGN (0x2)
                0x000001fc                __trampolines_start = .
 *(.trampolines)
 .trampolines   0x000001fc        0x0 linker stubs
 *(.trampolines*)
                0x000001fc                __trampolines_end = .
 *libprintf_flt.a:*(.progmem.data)
 *libc.a:*(.progmem.data)
 *(.progmem*)
                0x000001fc                . = ALIGN (0x2)
 *(.jumptables)
 *(.jumptables*)
 *(.lowtext)
 *(.lowtext*)
                0x000001fc                __ctors_start = .
 *(.ctors)
                0x000001fc                __ctors_end = .
                0x000001fc                __dtors_start = .
 *(.dtors)
                0x000001fc                __dtors_end = .
 SORT(*)(.ctors)
 SORT(*)(.dtors)
 *(.init0)
 .init0         0x000001fc        0x0 C:/Program Files (x86)/Atmel/Studio/7.0/Packs/atmel/XMEGAC_DFP/1.0.29/gcc/dev/atxmega384c3/avrxmega6/crtatxmega384c3.o
                0x000001fc                __init
 *(.init0)
 *(.init1)
 *(.init1)
 *(.init2)
 .init2         0x000001fc       0x10 C:/Program Files (x86)/Atmel/Studio/7.0/Packs/atmel/XMEGAC_DFP/1.0.29/gcc/dev/atxmega384c3/avrxmega6/crtatxmega384c3.o
 *(.init2)
 *(.init3)
 *(.init3)
 *(.init4)
 .init4         0x0000020c       0x1a c:/program files (x86)/atmel/studio/7.0/toolchain/avr8/avr8-gnu-toolchain/bin/../lib/gcc/avr/4.9.2/avrxmega6\libgcc.a(_copy_data.o)
                0x0000020c                __do_copy_data
 .init4         0x00000226       0x10 c:/program files (x86)/atmel/studio/7.0/toolchain/avr8/avr8-gnu-toolchain/bin/../lib/gcc/avr/4.9.2/avrxmega6\libgcc.a(_clear_bss.o)
                0x00000226                __do_clear_bss
 *(.init4)
 *(.init5)
 *(.init5)
 *(.init6)
 *(.init6)
 *(.init7)
 *(.init7)
 *(.init8)
 *(.init8)
 *(.init9)
 .init9         0x00000236        0x6 C:/Program Files (x86)/Atmel/Studio/7.0/Packs/atmel/XMEGAC_DFP/1.0.29/gcc/dev/atxmega384c3/avrxmega6/crtatxmega384c3.o
 *(.init9)
 *(.text)
 .text          0x0000023c        0x2 C:/Program Files (x86)/Atmel/Studio/7.0/Packs/atmel/XMEGAC_DFP/1.0.29/gcc/dev/atxmega384c3/avrxmega6/crtatxmega384c3.o
                0x0000023c                __vector_38
                0x0000023c                __vector_104
                0x0000023c                __vector_63
                0x0000023c                __vector_28
                0x0000023c                __vector_67
                0x0000023c                __vector_1
                0x0000023c                __vector_119
                0x0000023c                __vector_32
                0x0000023c                __vector_75
                0x0000023c                __vector_71
                0x0000023c                __vector_91
                0x0000023c                __vector_34
                0x0000023c                __vector_62
                0x0000023c                __vector_102
                0x0000023c                __vector_24
                0x0000023c                __vector_12
                0x0000023c                __vector_55
                0x0000023c                __vector_69
                0x0000023c                __vector_90
                0x0000023c                __vector_46
                0x0000023c                __bad_interrupt
                0x0000023c                __vector_122
                0x0000023c                __vector_72
                0x0000023c                __vector_114
                0x0000023c                __vector_6
                0x0000023c                __vector_31
                0x0000023c                __vector_92
                0x0000023c                __vector_35
                0x0000023c                __vector_74
                0x0000023c                __vector_117
                0x0000023c                __vector_39
                0x0000023c                __vector_107
                0x0000023c                __vector_3
                0x0000023c                __vector_105
                0x0000023c                __vector_98
                0x0000023c                __vector_68
                0x0000023c                __vector_30
                0x0000023c                __vector_73
                0x0000023c                __vector_45
                0x0000023c                __vector_25
                0x0000023c                __vector_93
                0x0000023c                __vector_61
                0x0000023c                __vector_11
                0x0000023c                __vector_54
                0x0000023c                __vector_99
                0x0000023c                __vector_13
                0x0000023c                __vector_56
                0x0000023c                __vector_7
                0x0000023c                __vector_125
                0x0000023c                __vector_123
                0x0000023c                __vector_41
                0x0000023c                __vector_86
                0x0000023c                __vector_100
                0x0000023c                __vector_101
                0x0000023c                __vector_64
                0x0000023c                __vector_88
                0x0000023c                __vector_43
                0x0000023c                __vector_27
                0x0000023c                __vector_5
                0x0000023c                __vector_33
                0x0000023c                __vector_76
                0x0000023c                __vector_115
                0x0000023c                __vector_37
                0x0000023c                __vector_95
                0x0000023c                __vector_103
                0x0000023c                __vector_96
                0x0000023c                __vector_89
                0x0000023c                __vector_4
                0x0000023c                __vector_44
                0x0000023c                __vector_106
                0x0000023c                __vector_118
                0x0000023c                __vector_9
                0x0000023c                __vector_2
                0x0000023c                __vector_66
                0x0000023c                __vector_36
                0x0000023c                __vector_58
                0x0000023c                __vector_70
                0x0000023c                __vector_83
                0x0000023c                __vector_29
                0x0000023c                __vector_60
                0x0000023c                __vector_121
                0x0000023c                __vector_40
                0x0000023c                __vector_85
                0x0000023c                __vector_94
                0x0000023c                __vector_126
                0x0000023c                __vector_8
                0x0000023c                __vector_26
                0x0000023c                __vector_124
                0x0000023c                __vector_116
                0x0000023c                __vector_84
                0x0000023c                __vector_57
                0x0000023c                __vector_53
                0x0000023c                __vector_10
                0x0000023c                __vector_59
                0x0000023c                __vector_97
                0x0000023c                __vector_42
                0x0000023c                __vector_87
                0x0000023c                __vector_65
                0x0000023c                __vector_120
 .text          0x0000023e       0x84 src/QTouch/qt_asm_xmega.o
                0x0000023e                _1101010101_
                0x00000254                _1101010111_
                0x00000276                _1101010110_
                0x00000280                _1101011111_
                0x00000296                _1101011110_
                0x000002b8                _1101011010_
 .text          0x000002c2      0x3ac ../src/QTouch\libavrxmega6g1-8qt-k-0rs.a(burst_1_2_11_0_1.o)
                0x000002c2                burst_1_2_11_0_1
 .text          0x0000066e      0x26c ../src/QTouch\libavrxmega6g1-8qt-k-0rs.a(touch_api.o)
                0x0000066e                qt_init_sensing_with_burst
                0x000006ac                qt_get_library_sig
                0x000006c4                qt_calibrate_sensing
                0x000006dc                qt_reset_sensing
                0x00000712                qt_measure_sensors
                0x00000802                qt_enable_key
                0x00000836                qt_get_sensor_delta
 .text          0x000008da      0x5d4 ../src/QTouch\libavrxmega6g1-8qt-k-0rs.a(touch_process.o)
                0x00000916                start_cal_sensor
                0x0000093e                process_sensor
                0x00000e82                get_channel_delta
 .text          0x00000eae       0x66 ../src/QTouch\libavrxmega6g1-8qt-k-0rs.a(touch_burst_qt.o)
                0x00000eae                burst_init
                0x00000eb8                burst_reset
                0x00000eda                burst
                0x00000f14                . = ALIGN (0x2)
 *(.text.*)
 .text.startup.main
                0x00000f14       0x56 main.o
                0x00000f14                main
 .text.example_cca_interrupt_callback
                0x00000f6a       0x42 src/QTouch/init_mcu_atxmega.o
 .text.init_timer_isr
                0x00000fac       0x30 src/QTouch/init_mcu_atxmega.o
                0x00000fac                init_timer_isr
 .text.init_system
                0x00000fdc        0xa src/QTouch/init_mcu_atxmega.o
                0x00000fdc                init_system
 .text.sysclk_init
                0x00000fe6       0x58 src/ASF/common/services/clock/xmega/sysclk.o
                0x00000fe6                sysclk_init
 .text.sysclk_enable_module
                0x0000103e       0x18 src/ASF/common/services/clock/xmega/sysclk.o
                0x0000103e                sysclk_enable_module
 .text.__vector_14
                0x00001056       0x5a src/ASF/xmega/drivers/tc/tc.o
                0x00001056                __vector_14
 .text.__vector_15
                0x000010b0       0x5a src/ASF/xmega/drivers/tc/tc.o
                0x000010b0                __vector_15
 .text.__vector_16
                0x0000110a       0x5a src/ASF/xmega/drivers/tc/tc.o
                0x0000110a                __vector_16
 .text.__vector_17
                0x00001164       0x5a src/ASF/xmega/drivers/tc/tc.o
                0x00001164                __vector_17
 .text.__vector_18
                0x000011be       0x5a src/ASF/xmega/drivers/tc/tc.o
                0x000011be                __vector_18
 .text.__vector_19
                0x00001218       0x5a src/ASF/xmega/drivers/tc/tc.o
                0x00001218                __vector_19
 .text.__vector_20
                0x00001272       0x5a src/ASF/xmega/drivers/tc/tc.o
                0x00001272                __vector_20
 .text.__vector_21
                0x000012cc       0x5a src/ASF/xmega/drivers/tc/tc.o
                0x000012cc                __vector_21
 .text.__vector_22
                0x00001326       0x5a src/ASF/xmega/drivers/tc/tc.o
                0x00001326                __vector_22
 .text.__vector_23
                0x00001380       0x5a src/ASF/xmega/drivers/tc/tc.o
                0x00001380                __vector_23
 .text.__vector_77
                0x000013da       0x5a src/ASF/xmega/drivers/tc/tc.o
                0x000013da                __vector_77
 .text.__vector_78
                0x00001434       0x5a src/ASF/xmega/drivers/tc/tc.o
                0x00001434                __vector_78
 .text.__vector_79
                0x0000148e       0x5a src/ASF/xmega/drivers/tc/tc.o
                0x0000148e                __vector_79
 .text.__vector_80
                0x000014e8       0x5a src/ASF/xmega/drivers/tc/tc.o
                0x000014e8                __vector_80
 .text.__vector_81
                0x00001542       0x5a src/ASF/xmega/drivers/tc/tc.o
                0x00001542                __vector_81
 .text.__vector_82
                0x0000159c       0x5a src/ASF/xmega/drivers/tc/tc.o
                0x0000159c                __vector_82
 .text.__vector_47
                0x000015f6       0x5a src/ASF/xmega/drivers/tc/tc.o
                0x000015f6                __vector_47
 .text.__vector_48
                0x00001650       0x5a src/ASF/xmega/drivers/tc/tc.o
                0x00001650                __vector_48
 .text.__vector_49
                0x000016aa       0x5a src/ASF/xmega/drivers/tc/tc.o
                0x000016aa                __vector_49
 .text.__vector_50
                0x00001704       0x5a src/ASF/xmega/drivers/tc/tc.o
                0x00001704                __vector_50
 .text.__vector_51
                0x0000175e       0x5a src/ASF/xmega/drivers/tc/tc.o
                0x0000175e                __vector_51
 .text.__vector_52
                0x000017b8       0x5a src/ASF/xmega/drivers/tc/tc.o
                0x000017b8                __vector_52
 .text.__vector_108
                0x00001812       0x5a src/ASF/xmega/drivers/tc/tc.o
                0x00001812                __vector_108
 .text.__vector_109
                0x0000186c       0x5a src/ASF/xmega/drivers/tc/tc.o
                0x0000186c                __vector_109
 .text.__vector_110
                0x000018c6       0x5a src/ASF/xmega/drivers/tc/tc.o
                0x000018c6                __vector_110
 .text.__vector_111
                0x00001920       0x5a src/ASF/xmega/drivers/tc/tc.o
                0x00001920                __vector_111
 .text.__vector_112
                0x0000197a       0x5a src/ASF/xmega/drivers/tc/tc.o
                0x0000197a                __vector_112
 .text.__vector_113
                0x000019d4       0x5a src/ASF/xmega/drivers/tc/tc.o
                0x000019d4                __vector_113
 .text.tc_enable
                0x00001a2e       0x80 src/ASF/xmega/drivers/tc/tc.o
                0x00001a2e                tc_enable
 .text.tc_set_cca_interrupt_callback
                0x00001aae       0x58 src/ASF/xmega/drivers/tc/tc.o
                0x00001aae                tc_set_cca_interrupt_callback
 .text.ccp_write_io
                0x00001b06        0xc src/ASF/xmega/drivers/cpu/ccp.o
                0x00001b06                ccp_write_io
 .text.board_init
                0x00001b12        0x2 src/ASF/common/boards/user_board/init.o
                0x00001b12                board_init
 .text.touch_init
                0x00001b14       0xae touch.o
                0x00001b14                touch_init
 .text.touch_measure
                0x00001bc2       0x32 touch.o
                0x00001bc2                touch_measure
 .text.libgcc.prologue
                0x00001bf4       0x32 c:/program files (x86)/atmel/studio/7.0/toolchain/avr8/avr8-gnu-toolchain/bin/../lib/gcc/avr/4.9.2/avrxmega6\libgcc.a(_prologue.o)
                0x00001bf4                __prologue_saves__
 .text.libgcc.prologue
                0x00001c26       0x30 c:/program files (x86)/atmel/studio/7.0/toolchain/avr8/avr8-gnu-toolchain/bin/../lib/gcc/avr/4.9.2/avrxmega6\libgcc.a(_epilogue.o)
                0x00001c26                __epilogue_restores__
                0x00001c56                . = ALIGN (0x2)
 *(.fini9)
 .fini9         0x00001c56        0x0 c:/program files (x86)/atmel/studio/7.0/toolchain/avr8/avr8-gnu-toolchain/bin/../lib/gcc/avr/4.9.2/avrxmega6\libgcc.a(_exit.o)
                0x00001c56                _exit
                0x00001c56                exit
 *(.fini9)
 *(.fini8)
 *(.fini8)
 *(.fini7)
 *(.fini7)
 *(.fini6)
 *(.fini6)
 *(.fini5)
 *(.fini5)
 *(.fini4)
 *(.fini4)
 *(.fini3)
 *(.fini3)
 *(.fini2)
 *(.fini2)
 *(.fini1)
 *(.fini1)
 *(.fini0)
 .fini0         0x00001c56        0x4 c:/program files (x86)/atmel/studio/7.0/toolchain/avr8/avr8-gnu-toolchain/bin/../lib/gcc/avr/4.9.2/avrxmega6\libgcc.a(_exit.o)
 *(.fini0)
                0x00001c5a                _etext = .

.data           0x00802000        0x4 load address 0x00001c5a
                0x00802000                PROVIDE (__data_start, .)
 *(.data)
 .data          0x00802000        0x1 ../src/QTouch\libavrxmega6g1-8qt-k-0rs.a(touch_api.o)
                0x00802000                freq_shift
 *(.data*)
 .data.qt_measurement_period_msec
                0x00802001        0x2 main.o
                0x00802001                qt_measurement_period_msec
 *(.rodata)
 *(.rodata*)
 *(.gnu.linkonce.d*)
                0x00802004                . = ALIGN (0x2)
 *fill*         0x00802003        0x1 
                0x00802004                _edata = .
                0x00802004                PROVIDE (__data_end, .)

.bss            0x00802004       0xbe
                0x00802004                PROVIDE (__bss_start, .)
 *(.bss)
 .bss           0x00802004        0x3 ../src/QTouch\libavrxmega6g1-8qt-k-0rs.a(burst_1_2_11_0_1.o)
 .bss           0x00802007       0x32 ../src/QTouch\libavrxmega6g1-8qt-k-0rs.a(touch_api.o)
                0x00802007                burst_proc
                0x00802009                lib_status_flags
                0x0080200b                qt_filter_callback
                0x0080200d                qt_measure_data
                0x0080202e                qt_config_data
 .bss           0x00802039       0x3a ../src/QTouch\libavrxmega6g1-8qt-k-0rs.a(touch_process.o)
                0x00802039                dht_counter
                0x0080203a                num_sensors
                0x0080203b                sensors
 .bss           0x00802073        0x8 ../src/QTouch\libavrxmega6g1-8qt-k-0rs.a(touch_burst_qt.o)
                0x00802073                SNSK_array
                0x00802077                SNS_array
 *(.bss*)
 .bss.current_time_ms_touch
                0x0080207b        0x2 main.o
                0x0080207b                current_time_ms_touch
 .bss.time_to_measure_touch
                0x0080207d        0x1 main.o
                0x0080207d                time_to_measure_touch
 .bss.time_ms_inc
                0x0080207e        0x2 main.o
                0x0080207e                time_ms_inc
 .bss.tc_tcf0_ccd_callback
                0x00802080        0x2 src/ASF/xmega/drivers/tc/tc.o
 .bss.tc_tcf0_ccc_callback
                0x00802082        0x2 src/ASF/xmega/drivers/tc/tc.o
 .bss.tc_tcf0_ccb_callback
                0x00802084        0x2 src/ASF/xmega/drivers/tc/tc.o
 .bss.tc_tcf0_cca_callback
                0x00802086        0x2 src/ASF/xmega/drivers/tc/tc.o
 .bss.tc_tcf0_err_callback
                0x00802088        0x2 src/ASF/xmega/drivers/tc/tc.o
 .bss.tc_tcf0_ovf_callback
                0x0080208a        0x2 src/ASF/xmega/drivers/tc/tc.o
 .bss.tc_tce0_ccd_callback
                0x0080208c        0x2 src/ASF/xmega/drivers/tc/tc.o
 .bss.tc_tce0_ccc_callback
                0x0080208e        0x2 src/ASF/xmega/drivers/tc/tc.o
 .bss.tc_tce0_ccb_callback
                0x00802090        0x2 src/ASF/xmega/drivers/tc/tc.o
 .bss.tc_tce0_cca_callback
                0x00802092        0x2 src/ASF/xmega/drivers/tc/tc.o
 .bss.tc_tce0_err_callback
                0x00802094        0x2 src/ASF/xmega/drivers/tc/tc.o
 .bss.tc_tce0_ovf_callback
                0x00802096        0x2 src/ASF/xmega/drivers/tc/tc.o
 .bss.tc_tcd0_ccd_callback
                0x00802098        0x2 src/ASF/xmega/drivers/tc/tc.o
 .bss.tc_tcd0_ccc_callback
                0x0080209a        0x2 src/ASF/xmega/drivers/tc/tc.o
 .bss.tc_tcd0_ccb_callback
                0x0080209c        0x2 src/ASF/xmega/drivers/tc/tc.o
 .bss.tc_tcd0_cca_callback
                0x0080209e        0x2 src/ASF/xmega/drivers/tc/tc.o
 .bss.tc_tcd0_err_callback
                0x008020a0        0x2 src/ASF/xmega/drivers/tc/tc.o
 .bss.tc_tcd0_ovf_callback
                0x008020a2        0x2 src/ASF/xmega/drivers/tc/tc.o
 .bss.tc_tcc1_ccb_callback
                0x008020a4        0x2 src/ASF/xmega/drivers/tc/tc.o
 .bss.tc_tcc1_cca_callback
                0x008020a6        0x2 src/ASF/xmega/drivers/tc/tc.o
 .bss.tc_tcc1_err_callback
                0x008020a8        0x2 src/ASF/xmega/drivers/tc/tc.o
 .bss.tc_tcc1_ovf_callback
                0x008020aa        0x2 src/ASF/xmega/drivers/tc/tc.o
 .bss.tc_tcc0_ccd_callback
                0x008020ac        0x2 src/ASF/xmega/drivers/tc/tc.o
 .bss.tc_tcc0_ccc_callback
                0x008020ae        0x2 src/ASF/xmega/drivers/tc/tc.o
 .bss.tc_tcc0_ccb_callback
                0x008020b0        0x2 src/ASF/xmega/drivers/tc/tc.o
 .bss.tc_tcc0_cca_callback
                0x008020b2        0x2 src/ASF/xmega/drivers/tc/tc.o
 .bss.tc_tcc0_err_callback
                0x008020b4        0x2 src/ASF/xmega/drivers/tc/tc.o
 .bss.tc_tcc0_ovf_callback
                0x008020b6        0x2 src/ASF/xmega/drivers/tc/tc.o
 .bss.burst_flag.3727
                0x008020b8        0x2 touch.o
 .bss.status_flag.3726
                0x008020ba        0x2 touch.o
 *(COMMON)
 COMMON         0x008020bc        0x6 src/ASF/common/services/sleepmgr/xmega/sleepmgr.o
                0x008020bc                sleepmgr_locks
                0x008020c2                PROVIDE (__bss_end, .)
                0x00001c5a                __data_load_start = LOADADDR (.data)
                0x00001c5e                __data_load_end = (__data_load_start + SIZEOF (.data))

.noinit         0x008020c2        0x0
                [!provide]                PROVIDE (__noinit_start, .)
 *(.noinit*)
                [!provide]                PROVIDE (__noinit_end, .)
                0x008020c2                _end = .
                [!provide]                PROVIDE (__heap_start, .)

.eeprom         0x00810000        0x0
 *(.eeprom*)
                0x00810000                __eeprom_end = .

.fuse
 *(.fuse)
 *(.lfuse)
 *(.hfuse)
 *(.efuse)

.lock
 *(.lock*)

.signature
 *(.signature*)

.user_signatures
 *(.user_signatures*)

.stab
 *(.stab)

.stabstr
 *(.stabstr)

.stab.excl
 *(.stab.excl)

.stab.exclstr
 *(.stab.exclstr)

.stab.index
 *(.stab.index)

.stab.indexstr
 *(.stab.indexstr)

.comment        0x00000000       0x30
 *(.comment)
 .comment       0x00000000       0x30 main.o
                                 0x31 (size before relaxing)
 .comment       0x00000030       0x31 src/QTouch/init_mcu_atxmega.o
 .comment       0x00000030       0x31 src/ASF/common/services/sleepmgr/xmega/sleepmgr.o
 .comment       0x00000030       0x31 src/ASF/common/services/clock/xmega/sysclk.o
 .comment       0x00000030       0x31 src/ASF/xmega/drivers/tc/tc.o
 .comment       0x00000030       0x31 src/ASF/common/boards/user_board/init.o
 .comment       0x00000030       0x31 touch.o

.note.gnu.avr.deviceinfo
                0x00000000       0x40
 .note.gnu.avr.deviceinfo
                0x00000000       0x40 C:/Program Files (x86)/Atmel/Studio/7.0/Packs/atmel/XMEGAC_DFP/1.0.29/gcc/dev/atxmega384c3/avrxmega6/crtatxmega384c3.o

.note.gnu.build-id
 *(.note.gnu.build-id)

.debug
 *(.debug)

.line
 *(.line)

.debug_srcinfo
 *(.debug_srcinfo)

.debug_sfnames
 *(.debug_sfnames)

.debug_aranges  0x00000000      0x268
 *(.debug_aranges)
 .debug_aranges
                0x00000000       0x20 main.o
 .debug_aranges
                0x00000020       0x30 src/QTouch/init_mcu_atxmega.o
 .debug_aranges
                0x00000050       0x20 src/QTouch/qt_asm_xmega.o
 .debug_aranges
                0x00000070       0x18 src/ASF/common/services/sleepmgr/xmega/sleepmgr.o
 .debug_aranges
                0x00000088       0x40 src/ASF/common/services/clock/xmega/sysclk.o
 .debug_aranges
                0x000000c8      0x138 src/ASF/xmega/drivers/tc/tc.o
 .debug_aranges
                0x00000200       0x20 src/ASF/xmega/drivers/cpu/ccp.o
 .debug_aranges
                0x00000220       0x20 src/ASF/common/boards/user_board/init.o
 .debug_aranges
                0x00000240       0x28 touch.o

.debug_pubnames
 *(.debug_pubnames)

.debug_info     0x00000000     0x362b
 *(.debug_info .gnu.linkonce.wi.*)
 .debug_info    0x00000000      0x47d main.o
 .debug_info    0x0000047d      0xaa8 src/QTouch/init_mcu_atxmega.o
 .debug_info    0x00000f25       0x7f src/QTouch/qt_asm_xmega.o
 .debug_info    0x00000fa4      0x121 src/ASF/common/services/sleepmgr/xmega/sleepmgr.o
 .debug_info    0x000010c5      0x883 src/ASF/common/services/clock/xmega/sysclk.o
 .debug_info    0x00001948     0x15ef src/ASF/xmega/drivers/tc/tc.o
 .debug_info    0x00002f37       0x85 src/ASF/xmega/drivers/cpu/ccp.o
 .debug_info    0x00002fbc       0xf8 src/ASF/common/boards/user_board/init.o
 .debug_info    0x000030b4      0x577 touch.o

.debug_abbrev   0x00000000      0xb51
 *(.debug_abbrev)
 .debug_abbrev  0x00000000      0x13c main.o
 .debug_abbrev  0x0000013c      0x214 src/QTouch/init_mcu_atxmega.o
 .debug_abbrev  0x00000350       0x14 src/QTouch/qt_asm_xmega.o
 .debug_abbrev  0x00000364       0x80 src/ASF/common/services/sleepmgr/xmega/sleepmgr.o
 .debug_abbrev  0x000003e4      0x28f src/ASF/common/services/clock/xmega/sysclk.o
 .debug_abbrev  0x00000673      0x2a7 src/ASF/xmega/drivers/tc/tc.o
 .debug_abbrev  0x0000091a       0x14 src/ASF/xmega/drivers/cpu/ccp.o
 .debug_abbrev  0x0000092e       0x8b src/ASF/common/boards/user_board/init.o
 .debug_abbrev  0x000009b9      0x198 touch.o

.debug_line     0x00000000     0x30cc
 *(.debug_line .debug_line.* .debug_line_end)
 .debug_line    0x00000000      0x6d4 main.o
 .debug_line    0x000006d4      0x703 src/QTouch/init_mcu_atxmega.o
 .debug_line    0x00000dd7      0x141 src/QTouch/qt_asm_xmega.o
 .debug_line    0x00000f18      0x455 src/ASF/common/services/sleepmgr/xmega/sleepmgr.o
 .debug_line    0x0000136d      0x672 src/ASF/common/services/clock/xmega/sysclk.o
 .debug_line    0x000019df      0xcd1 src/ASF/xmega/drivers/tc/tc.o
 .debug_line    0x000026b0       0x6e src/ASF/xmega/drivers/cpu/ccp.o
 .debug_line    0x0000271e      0x62e src/ASF/common/boards/user_board/init.o
 .debug_line    0x00002d4c      0x380 touch.o

.debug_frame    0x00000000      0xb68
 *(.debug_frame)
 .debug_frame   0x00000000       0x24 main.o
 .debug_frame   0x00000024       0x44 src/QTouch/init_mcu_atxmega.o
 .debug_frame   0x00000068       0x64 src/ASF/common/services/clock/xmega/sysclk.o
 .debug_frame   0x000000cc      0xa44 src/ASF/xmega/drivers/tc/tc.o
 .debug_frame   0x00000b10       0x24 src/ASF/common/boards/user_board/init.o
 .debug_frame   0x00000b34       0x34 touch.o

.debug_str      0x00000000    0x26db1
 *(.debug_str)
 .debug_str     0x00000000    0x25c0f main.o
                              0x26055 (size before relaxing)
 .debug_str     0x00025c0f      0x5ab src/QTouch/init_mcu_atxmega.o
                              0x26268 (size before relaxing)
 .debug_str     0x000261ba       0xb3 src/ASF/common/services/sleepmgr/xmega/sleepmgr.o
                              0x242ae (size before relaxing)
 .debug_str     0x0002626d      0x352 src/ASF/common/services/clock/xmega/sysclk.o
                              0x25616 (size before relaxing)
 .debug_str     0x000265bf      0x4ed src/ASF/xmega/drivers/tc/tc.o
                              0x25ebf (size before relaxing)
 .debug_str     0x00026aac       0x2b src/ASF/common/boards/user_board/init.o
                              0x2566a (size before relaxing)
 .debug_str     0x00026ad7      0x2da touch.o
                              0x16303 (size before relaxing)

.debug_loc      0x00000000     0x1a7c
 *(.debug_loc)
 .debug_loc     0x00000000       0x24 main.o
 .debug_loc     0x00000024      0x1c2 src/ASF/common/services/clock/xmega/sysclk.o
 .debug_loc     0x000001e6     0x1896 src/ASF/xmega/drivers/tc/tc.o

.debug_macinfo
 *(.debug_macinfo)

.debug_weaknames
 *(.debug_weaknames)

.debug_funcnames
 *(.debug_funcnames)

.debug_typenames
 *(.debug_typenames)

.debug_varnames
 *(.debug_varnames)

.debug_pubtypes
 *(.debug_pubtypes)

.debug_ranges   0x00000000      0x1b0
 *(.debug_ranges)
 .debug_ranges  0x00000000       0x10 main.o
 .debug_ranges  0x00000010       0x20 src/QTouch/init_mcu_atxmega.o
 .debug_ranges  0x00000030       0x30 src/ASF/common/services/clock/xmega/sysclk.o
 .debug_ranges  0x00000060      0x128 src/ASF/xmega/drivers/tc/tc.o
 .debug_ranges  0x00000188       0x10 src/ASF/common/boards/user_board/init.o
 .debug_ranges  0x00000198       0x18 touch.o

.debug_macro    0x00000000     0x926e
 *(.debug_macro)
 .debug_macro   0x00000000      0x2a4 main.o
 .debug_macro   0x000002a4      0xa9c main.o
 .debug_macro   0x00000d40       0x10 main.o
 .debug_macro   0x00000d50      0x1c9 main.o
 .debug_macro   0x00000f19      0x2fc main.o
 .debug_macro   0x00001215       0x9e main.o
 .debug_macro   0x000012b3     0x5045 main.o
 .debug_macro   0x000062f8       0x9a main.o
 .debug_macro   0x00006392       0xf1 main.o
 .debug_macro   0x00006483       0x34 main.o
 .debug_macro   0x000064b7       0x10 main.o
 .debug_macro   0x000064c7       0x18 main.o
 .debug_macro   0x000064df       0x5e main.o
 .debug_macro   0x0000653d       0x10 main.o
 .debug_macro   0x0000654d       0x22 main.o
 .debug_macro   0x0000656f      0x166 main.o
 .debug_macro   0x000066d5       0x1c main.o
 .debug_macro   0x000066f1       0x35 main.o
 .debug_macro   0x00006726       0x66 main.o
 .debug_macro   0x0000678c      0x644 main.o
 .debug_macro   0x00006dd0       0x97 main.o
 .debug_macro   0x00006e67       0x17 main.o
 .debug_macro   0x00006e7e      0x250 main.o
 .debug_macro   0x000070ce       0x76 main.o
 .debug_macro   0x00007144       0x16 main.o
 .debug_macro   0x0000715a      0x6e3 main.o
 .debug_macro   0x0000783d       0x10 main.o
 .debug_macro   0x0000784d      0x175 main.o
 .debug_macro   0x000079c2       0x40 main.o
 .debug_macro   0x00007a02       0x69 main.o
 .debug_macro   0x00007a6b       0x32 main.o
 .debug_macro   0x00007a9d       0xe4 main.o
 .debug_macro   0x00007b81       0x34 main.o
 .debug_macro   0x00007bb5      0x2aa main.o
 .debug_macro   0x00007e5f       0x26 main.o
 .debug_macro   0x00007e85       0x42 main.o
 .debug_macro   0x00007ec7       0x10 main.o
 .debug_macro   0x00007ed7       0x1c main.o
 .debug_macro   0x00007ef3       0x68 main.o
 .debug_macro   0x00007f5b       0x2f main.o
 .debug_macro   0x00007f8a      0x15b main.o
 .debug_macro   0x000080e5       0x12 main.o
 .debug_macro   0x000080f7       0x66 main.o
 .debug_macro   0x0000815d       0x5a main.o
 .debug_macro   0x000081b7       0x28 main.o
 .debug_macro   0x000081df       0x9e main.o
 .debug_macro   0x0000827d      0x298 src/QTouch/init_mcu_atxmega.o
 .debug_macro   0x00008515      0x1a3 src/ASF/common/services/sleepmgr/xmega/sleepmgr.o
 .debug_macro   0x000086b8      0x1e6 src/ASF/common/services/clock/xmega/sysclk.o
 .debug_macro   0x0000889e      0x230 src/ASF/xmega/drivers/tc/tc.o
 .debug_macro   0x00008ace      0x302 src/ASF/xmega/drivers/tc/tc.o
 .debug_macro   0x00008dd0      0x25f src/ASF/common/boards/user_board/init.o
 .debug_macro   0x0000902f      0x131 touch.o
 .debug_macro   0x00009160      0x10e touch.o
OUTPUT(new2q.elf elf32-avr)
LOAD linker stubs
